Archive member included to satisfy reference by file (symbol)

c:/st/stm32cubeide_1.8.0/stm32cubeide/plugins/com.st.stm32cube.ide.mcu.externaltools.gnu-tools-for-stm32.9-2020-q2-update.win32_2.0.0.202105311346/tools/bin/../lib/gcc/arm-none-eabi/9.3.1/../../../../arm-none-eabi/lib/thumb/v7e-m+fp/hard\libc_nano.a(lib_a-errno.o)
                              ./Core/Src/syscalls.o (__errno)
c:/st/stm32cubeide_1.8.0/stm32cubeide/plugins/com.st.stm32cube.ide.mcu.externaltools.gnu-tools-for-stm32.9-2020-q2-update.win32_2.0.0.202105311346/tools/bin/../lib/gcc/arm-none-eabi/9.3.1/../../../../arm-none-eabi/lib/thumb/v7e-m+fp/hard\libc_nano.a(lib_a-exit.o)
                              c:/st/stm32cubeide_1.8.0/stm32cubeide/plugins/com.st.stm32cube.ide.mcu.externaltools.gnu-tools-for-stm32.9-2020-q2-update.win32_2.0.0.202105311346/tools/bin/../lib/gcc/arm-none-eabi/9.3.1/../../../../arm-none-eabi/lib/thumb/v7e-m+fp/hard/crt0.o (exit)
c:/st/stm32cubeide_1.8.0/stm32cubeide/plugins/com.st.stm32cube.ide.mcu.externaltools.gnu-tools-for-stm32.9-2020-q2-update.win32_2.0.0.202105311346/tools/bin/../lib/gcc/arm-none-eabi/9.3.1/../../../../arm-none-eabi/lib/thumb/v7e-m+fp/hard\libc_nano.a(lib_a-impure.o)
                              c:/st/stm32cubeide_1.8.0/stm32cubeide/plugins/com.st.stm32cube.ide.mcu.externaltools.gnu-tools-for-stm32.9-2020-q2-update.win32_2.0.0.202105311346/tools/bin/../lib/gcc/arm-none-eabi/9.3.1/../../../../arm-none-eabi/lib/thumb/v7e-m+fp/hard\libc_nano.a(lib_a-exit.o) (_global_impure_ptr)
c:/st/stm32cubeide_1.8.0/stm32cubeide/plugins/com.st.stm32cube.ide.mcu.externaltools.gnu-tools-for-stm32.9-2020-q2-update.win32_2.0.0.202105311346/tools/bin/../lib/gcc/arm-none-eabi/9.3.1/../../../../arm-none-eabi/lib/thumb/v7e-m+fp/hard\libc_nano.a(lib_a-init.o)
                              c:/st/stm32cubeide_1.8.0/stm32cubeide/plugins/com.st.stm32cube.ide.mcu.externaltools.gnu-tools-for-stm32.9-2020-q2-update.win32_2.0.0.202105311346/tools/bin/../lib/gcc/arm-none-eabi/9.3.1/../../../../arm-none-eabi/lib/thumb/v7e-m+fp/hard/crt0.o (__libc_init_array)
c:/st/stm32cubeide_1.8.0/stm32cubeide/plugins/com.st.stm32cube.ide.mcu.externaltools.gnu-tools-for-stm32.9-2020-q2-update.win32_2.0.0.202105311346/tools/bin/../lib/gcc/arm-none-eabi/9.3.1/../../../../arm-none-eabi/lib/thumb/v7e-m+fp/hard\libc_nano.a(lib_a-memset.o)
                              c:/st/stm32cubeide_1.8.0/stm32cubeide/plugins/com.st.stm32cube.ide.mcu.externaltools.gnu-tools-for-stm32.9-2020-q2-update.win32_2.0.0.202105311346/tools/bin/../lib/gcc/arm-none-eabi/9.3.1/../../../../arm-none-eabi/lib/thumb/v7e-m+fp/hard/crt0.o (memset)
c:/st/stm32cubeide_1.8.0/stm32cubeide/plugins/com.st.stm32cube.ide.mcu.externaltools.gnu-tools-for-stm32.9-2020-q2-update.win32_2.0.0.202105311346/tools/bin/../lib/gcc/arm-none-eabi/9.3.1/thumb/v7e-m+fp/hard\libgcc.a(_arm_muldf3.o)
                              ./Core/Src/main.o (__aeabi_dmul)
c:/st/stm32cubeide_1.8.0/stm32cubeide/plugins/com.st.stm32cube.ide.mcu.externaltools.gnu-tools-for-stm32.9-2020-q2-update.win32_2.0.0.202105311346/tools/bin/../lib/gcc/arm-none-eabi/9.3.1/thumb/v7e-m+fp/hard\libgcc.a(_arm_addsubdf3.o)
                              ./Core/Src/main.o (__aeabi_dadd)
c:/st/stm32cubeide_1.8.0/stm32cubeide/plugins/com.st.stm32cube.ide.mcu.externaltools.gnu-tools-for-stm32.9-2020-q2-update.win32_2.0.0.202105311346/tools/bin/../lib/gcc/arm-none-eabi/9.3.1/thumb/v7e-m+fp/hard\libgcc.a(_arm_fixdfsi.o)
                              ./Core/Src/main.o (__aeabi_d2iz)
c:/st/stm32cubeide_1.8.0/stm32cubeide/plugins/com.st.stm32cube.ide.mcu.externaltools.gnu-tools-for-stm32.9-2020-q2-update.win32_2.0.0.202105311346/tools/bin/../lib/gcc/arm-none-eabi/9.3.1/thumb/v7e-m+fp/hard\libgcc.a(_arm_truncdfsf2.o)
                              ./Core/Src/main.o (__aeabi_d2f)
c:/st/stm32cubeide_1.8.0/stm32cubeide/plugins/com.st.stm32cube.ide.mcu.externaltools.gnu-tools-for-stm32.9-2020-q2-update.win32_2.0.0.202105311346/tools/bin/../lib/gcc/arm-none-eabi/9.3.1/thumb/v7e-m+fp/hard\libgcc.a(_aeabi_uldivmod.o)
                              ./Drivers/STM32F4xx_HAL_Driver/Src/stm32f4xx_hal_rcc.o (__aeabi_uldivmod)
c:/st/stm32cubeide_1.8.0/stm32cubeide/plugins/com.st.stm32cube.ide.mcu.externaltools.gnu-tools-for-stm32.9-2020-q2-update.win32_2.0.0.202105311346/tools/bin/../lib/gcc/arm-none-eabi/9.3.1/thumb/v7e-m+fp/hard\libgcc.a(_udivmoddi4.o)
                              c:/st/stm32cubeide_1.8.0/stm32cubeide/plugins/com.st.stm32cube.ide.mcu.externaltools.gnu-tools-for-stm32.9-2020-q2-update.win32_2.0.0.202105311346/tools/bin/../lib/gcc/arm-none-eabi/9.3.1/thumb/v7e-m+fp/hard\libgcc.a(_aeabi_uldivmod.o) (__udivmoddi4)
c:/st/stm32cubeide_1.8.0/stm32cubeide/plugins/com.st.stm32cube.ide.mcu.externaltools.gnu-tools-for-stm32.9-2020-q2-update.win32_2.0.0.202105311346/tools/bin/../lib/gcc/arm-none-eabi/9.3.1/thumb/v7e-m+fp/hard\libgcc.a(_dvmd_tls.o)
[...]
Memory Configuration

Name             Origin             Length             Attributes
CCMRAM           0x0000000010000000 0x0000000000010000 xrw
RAM              0x0000000020000000 0x0000000000020000 xrw
FLASH            0x0000000008000000 0x0000000000100000 xr
*default*        0x0000000000000000 0xffffffffffffffff

Linker script and memory map

LOAD c:/st/stm32cubeide_1.8.0/stm32cubeide/plugins/com.st.stm32cube.ide.mcu.externaltools.gnu-tools-for-stm32.9-2020-q2-update.win32_2.0.0.202105311346/tools/bin/../lib/gcc/arm-none-eabi/9.3.1/thumb/v7e-m+fp/hard/crti.o
LOAD c:/st/stm32cubeide_1.8.0/stm32cubeide/plugins/com.st.stm32cube.ide.mcu.externaltools.gnu-tools-for-stm32.9-2020-q2-update.win32_2.0.0.202105311346/tools/bin/../lib/gcc/arm-none-eabi/9.3.1/thumb/v7e-m+fp/hard/crtbegin.o
LOAD c:/st/stm32cubeide_1.8.0/stm32cubeide/plugins/com.st.stm32cube.ide.mcu.externaltools.gnu-tools-for-stm32.9-2020-q2-update.win32_2.0.0.202105311346/tools/bin/../lib/gcc/arm-none-eabi/9.3.1/../../../../arm-none-eabi/lib/thumb/v7e-m+fp/hard/crt0.o
LOAD ./Core/Src/M_CAN_FilterSetup.o
LOAD ./Core/Src/M_PID.o
LOAD ./Core/Src/adc.o
LOAD ./Core/Src/can.o
LOAD ./Core/Src/dma.o
LOAD ./Core/Src/gpio.o
LOAD ./Core/Src/main.o
LOAD ./Core/Src/stm32f4xx_hal_msp.o
LOAD ./Core/Src/stm32f4xx_it.o
LOAD ./Core/Src/syscalls.o
LOAD ./Core/Src/sysmem.o
LOAD ./Core/Src/system_stm32f4xx.o
LOAD ./Core/Src/tim.o
LOAD ./Core/Startup/startup_stm32f405rgtx.o
LOAD ./Drivers/STM32F4xx_HAL_Driver/Src/stm32f4xx_hal.o
LOAD ./Drivers/STM32F4xx_HAL_Driver/Src/stm32f4xx_hal_adc.o
LOAD ./Drivers/STM32F4xx_HAL_Driver/Src/stm32f4xx_hal_adc_ex.o
LOAD ./Drivers/STM32F4xx_HAL_Driver/Src/stm32f4xx_hal_can.o
LOAD ./Drivers/STM32F4xx_HAL_Driver/Src/stm32f4xx_hal_cortex.o
LOAD ./Drivers/STM32F4xx_HAL_Driver/Src/stm32f4xx_hal_dma.o
LOAD ./Drivers/STM32F4xx_HAL_Driver/Src/stm32f4xx_hal_dma_ex.o
LOAD ./Drivers/STM32F4xx_HAL_Driver/Src/stm32f4xx_hal_exti.o
LOAD ./Drivers/STM32F4xx_HAL_Driver/Src/stm32f4xx_hal_flash.o
LOAD ./Drivers/STM32F4xx_HAL_Driver/Src/stm32f4xx_hal_flash_ex.o
LOAD ./Drivers/STM32F4xx_HAL_Driver/Src/stm32f4xx_hal_flash_ramfunc.o
LOAD ./Drivers/STM32F4xx_HAL_Driver/Src/stm32f4xx_hal_gpio.o
LOAD ./Drivers/STM32F4xx_HAL_Driver/Src/stm32f4xx_hal_pwr.o
LOAD ./Drivers/STM32F4xx_HAL_Driver/Src/stm32f4xx_hal_pwr_ex.o
LOAD ./Drivers/STM32F4xx_HAL_Driver/Src/stm32f4xx_hal_rcc.o
LOAD ./Drivers/STM32F4xx_HAL_Driver/Src/stm32f4xx_hal_rcc_ex.o
LOAD ./Drivers/STM32F4xx_HAL_Driver/Src/stm32f4xx_hal_tim.o
LOAD ./Drivers/STM32F4xx_HAL_Driver/Src/stm32f4xx_hal_tim_ex.o
LOAD ./Drivers/STM32F4xx_HAL_Driver/Src/stm32f4xx_ll_adc.o
START GROUP
LOAD c:/st/stm32cubeide_1.8.0/stm32cubeide/plugins/com.st.stm32cube.ide.mcu.externaltools.gnu-tools-for-stm32.9-2020-q2-update.win32_2.0.0.202105311346/tools/bin/../lib/gcc/arm-none-eabi/9.3.1/../../../../arm-none-eabi/lib/thumb/v7e-m+fp/hard\libc_nano.a
LOAD c:/st/stm32cubeide_1.8.0/stm32cubeide/plugins/com.st.stm32cube.ide.mcu.externaltools.gnu-tools-for-stm32.9-2020-q2-update.win32_2.0.0.202105311346/tools/bin/../lib/gcc/arm-none-eabi/9.3.1/../../../../arm-none-eabi/lib/thumb/v7e-m+fp/hard\libm.a
END GROUP
START GROUP
LOAD c:/st/stm32cubeide_1.8.0/stm32cubeide/plugins/com.st.stm32cube.ide.mcu.externaltools.gnu-tools-for-stm32.9-2020-q2-update.win32_2.0.0.202105311346/tools/bin/../lib/gcc/arm-none-eabi/9.3.1/thumb/v7e-m+fp/hard\libgcc.a
LOAD c:/st/stm32cubeide_1.8.0/stm32cubeide/plugins/com.st.stm32cube.ide.mcu.externaltools.gnu-tools-for-stm32.9-2020-q2-update.win32_2.0.0.202105311346/tools/bin/../lib/gcc/arm-none-eabi/9.3.1/../../../../arm-none-eabi/lib/thumb/v7e-m+fp/hard\libc_nano.a
END GROUP
START GROUP
LOAD c:/st/stm32cubeide_1.8.0/stm32cubeide/plugins/com.st.stm32cube.ide.mcu.externaltools.gnu-tools-for-stm32.9-2020-q2-update.win32_2.0.0.202105311346/tools/bin/../lib/gcc/arm-none-eabi/9.3.1/thumb/v7e-m+fp/hard\libgcc.a
LOAD c:/st/stm32cubeide_1.8.0/stm32cubeide/plugins/com.st.stm32cube.ide.mcu.externaltools.gnu-tools-for-stm32.9-2020-q2-update.win32_2.0.0.202105311346/tools/bin/../lib/gcc/arm-none-eabi/9.3.1/../../../../arm-none-eabi/lib/thumb/v7e-m+fp/hard\libc_nano.a
LOAD c:/st/stm32cubeide_1.8.0/stm32cubeide/plugins/com.st.stm32cube.ide.mcu.externaltools.gnu-tools-for-stm32.9-2020-q2-update.win32_2.0.0.202105311346/tools/bin/../lib/gcc/arm-none-eabi/9.3.1/../../../../arm-none-eabi/lib/thumb/v7e-m+fp/hard\libnosys.a
END GROUP
START GROUP
LOAD c:/st/stm32cubeide_1.8.0/stm32cubeide/plugins/com.st.stm32cube.ide.mcu.externaltools.gnu-tools-for-stm32.9-2020-q2-update.win32_2.0.0.202105311346/tools/bin/../lib/gcc/arm-none-eabi/9.3.1/thumb/v7e-m+fp/hard\libgcc.a
LOAD c:/st/stm32cubeide_1.8.0/stm32cubeide/plugins/com.st.stm32cube.ide.mcu.externaltools.gnu-tools-for-stm32.9-2020-q2-update.win32_2.0.0.202105311346/tools/bin/../lib/gcc/arm-none-eabi/9.3.1/../../../../arm-none-eabi/lib/thumb/v7e-m+fp/hard\libc_nano.a
LOAD c:/st/stm32cubeide_1.8.0/stm32cubeide/plugins/com.st.stm32cube.ide.mcu.externaltools.gnu-tools-for-stm32.9-2020-q2-update.win32_2.0.0.202105311346/tools/bin/../lib/gcc/arm-none-eabi/9.3.1/../../../../arm-none-eabi/lib/thumb/v7e-m+fp/hard\libnosys.a
END GROUP
LOAD c:/st/stm32cubeide_1.8.0/stm32cubeide/plugins/com.st.stm32cube.ide.mcu.externaltools.gnu-tools-for-stm32.9-2020-q2-update.win32_2.0.0.202105311346/tools/bin/../lib/gcc/arm-none-eabi/9.3.1/thumb/v7e-m+fp/hard/crtend.o
LOAD c:/st/stm32cubeide_1.8.0/stm32cubeide/plugins/com.st.stm32cube.ide.mcu.externaltools.gnu-tools-for-stm32.9-2020-q2-update.win32_2.0.0.202105311346/tools/bin/../lib/gcc/arm-none-eabi/9.3.1/thumb/v7e-m+fp/hard/crtn.o
                0x0000000020020000                _estack = (ORIGIN (RAM) + LENGTH (RAM))
                0x0000000000000200                _Min_Heap_Size = 0x200
                0x0000000000000400                _Min_Stack_Size = 0x400

.isr_vector     0x0000000008000000      0x188
                0x0000000008000000                . = ALIGN (0x4)
 *(.isr_vector)
 .isr_vector    0x0000000008000000      0x188 ./Core/Startup/startup_stm32f405rgtx.o
                0x0000000008000000                g_pfnVectors
                0x0000000008000188                . = ALIGN (0x4)

.text           0x0000000008000188     0x36d0
                0x0000000008000188                . = ALIGN (0x4)
 *(.text)
 .text          0x0000000008000188       0x40 c:/st/stm32cubeide_1.8.0/stm32cubeide/plugins/com.st.stm32cube.ide.mcu.externaltools.gnu-tools-for-stm32.9-2020-q2-update.win32_2.0.0.202105311346/tools/bin/../lib/gcc/arm-none-eabi/9.3.1/thumb/v7e-m+fp/hard/crtbegin.o
 .text          0x00000000080001c8      0x254 c:/st/stm32cubeide_1.8.0/stm32cubeide/plugins/com.st.stm32cube.ide.mcu.externaltools.gnu-tools-for-stm32.9-2020-q2-update.win32_2.0.0.202105311346/tools/bin/../lib/gcc/arm-none-eabi/9.3.1/thumb/v7e-m+fp/hard\libgcc.a(_arm_muldf3.o)
                0x00000000080001c8                __muldf3
                0x00000000080001c8                __aeabi_dmul
 .text          0x000000000800041c      0x378 c:/st/stm32cubeide_1.8.0/stm32cubeide/plugins/com.st.stm32cube.ide.mcu.externaltools.gnu-tools-for-stm32.9-2020-q2-update.win32_2.0.0.202105311346/tools/bin/../lib/gcc/arm-none-eabi/9.3.1/thumb/v7e-m+fp/hard\libgcc.a(_arm_addsubdf3.o)
                0x000000000800041c                __aeabi_drsub
                0x0000000008000424                __aeabi_dsub
                0x0000000008000424                __subdf3
                0x0000000008000428                __aeabi_dadd
                0x0000000008000428                __adddf3
                0x00000000080006a0                __floatunsidf
                0x00000000080006a0                __aeabi_ui2d
                0x00000000080006c0                __floatsidf
                0x00000000080006c0                __aeabi_i2d
                0x00000000080006e4                __aeabi_f2d
                0x00000000080006e4                __extendsfdf2
                0x0000000008000728                __floatundidf
                0x0000000008000728                __aeabi_ul2d
                0x0000000008000738                __floatdidf
                0x0000000008000738                __aeabi_l2d
 .text          0x0000000008000794       0x50 c:/st/stm32cubeide_1.8.0/stm32cubeide/plugins/com.st.stm32cube.ide.mcu.externaltools.gnu-tools-for-stm32.9-2020-q2-update.win32_2.0.0.202105311346/tools/bin/../lib/gcc/arm-none-eabi/9.3.1/thumb/v7e-m+fp/hard\libgcc.a(_arm_fixdfsi.o)
                0x0000000008000794                __aeabi_d2iz
                0x0000000008000794                __fixdfsi
 .text          0x00000000080007e4       0xa0 c:/st/stm32cubeide_1.8.0/stm32cubeide/plugins/com.st.stm32cube.ide.mcu.externaltools.gnu-tools-for-stm32.9-2020-q2-update.win32_2.0.0.202105311346/tools/bin/../lib/gcc/arm-none-eabi/9.3.1/thumb/v7e-m+fp/hard\libgcc.a(_arm_truncdfsf2.o)
                0x00000000080007e4                __truncdfsf2
                0x00000000080007e4                __aeabi_d2f
 .text          0x0000000008000884       0x30 c:/st/stm32cubeide_1.8.0/stm32cubeide/plugins/com.st.stm32cube.ide.mcu.externaltools.gnu-tools-for-stm32.9-2020-q2-update.win32_2.0.0.202105311346/tools/bin/../lib/gcc/arm-none-eabi/9.3.1/thumb/v7e-m+fp/hard\libgcc.a(_aeabi_uldivmod.o)
                0x0000000008000884                __aeabi_uldivmod
 .text          0x00000000080008b4      0x2c4 c:/st/stm32cubeide_1.8.0/stm32cubeide/plugins/com.st.stm32cube.ide.mcu.externaltools.gnu-tools-for-stm32.9-2020-q2-update.win32_2.0.0.202105311346/tools/bin/../lib/gcc/arm-none-eabi/9.3.1/thumb/v7e-m+fp/hard\libgcc.a(_udivmoddi4.o)
                0x00000000080008b4                __udivmoddi4
 .text          0x0000000008000b78        0x4 c:/st/stm32cubeide_1.8.0/stm32cubeide/plugins/com.st.stm32cube.ide.mcu.externaltools.gnu-tools-for-stm32.9-2020-q2-update.win32_2.0.0.202105311346/tools/bin/../lib/gcc/arm-none-eabi/9.3.1/thumb/v7e-m+fp/hard\libgcc.a(_dvmd_tls.o)
                0x0000000008000b78                __aeabi_idiv0
                0x0000000008000b78                __aeabi_ldiv0
 *(.text*)
 .text.M_CAN_Filter_Init
                0x0000000008000b7c       0x2e ./Core/Src/M_CAN_FilterSetup.o
                0x0000000008000b7c                M_CAN_Filter_Init
 *fill*         0x0000000008000baa        0x2 
 .text.MX_ADC1_Init
                0x0000000008000bac       0xc8 ./Core/Src/adc.o
                0x0000000008000bac                MX_ADC1_Init
 .text.HAL_ADC_MspInit
                0x0000000008000c74       0xac ./Core/Src/adc.o
                0x0000000008000c74                HAL_ADC_MspInit
 .text.MX_CAN1_Init
                0x0000000008000d20       0x40 ./Core/Src/can.o
                0x0000000008000d20                MX_CAN1_Init
 .text.HAL_CAN_MspInit
                0x0000000008000d60       0x80 ./Core/Src/can.o
                0x0000000008000d60                HAL_CAN_MspInit
 .text.MX_DMA_Init
                0x0000000008000de0       0x34 ./Core/Src/dma.o
                0x0000000008000de0                MX_DMA_Init
 .text.MX_GPIO_Init
                0x0000000008000e14       0x80 ./Core/Src/gpio.o
                0x0000000008000e14                MX_GPIO_Init
 .text.SystemClock_Config
                0x0000000008000e94       0xac ./Core/Src/main.o
                0x0000000008000e94                SystemClock_Config
 .text.HAL_ADC_ConvCpltCallback
                0x0000000008000f40      0x190 ./Core/Src/main.o
                0x0000000008000f40                HAL_ADC_ConvCpltCallback
 .text.motor_pwm
                0x00000000080010d0       0x50 ./Core/Src/main.o
                0x00000000080010d0                motor_pwm
 .text.main     0x0000000008001120      0x1d0 ./Core/Src/main.o
                0x0000000008001120                main
 .text.HAL_CAN_RxFifo0MsgPendingCallback
                0x00000000080012f0       0xd0 ./Core/Src/main.o
                0x00000000080012f0                HAL_CAN_RxFifo0MsgPendingCallback
 .text.Error_Handler
                0x00000000080013c0        0x4 ./Core/Src/main.o
                0x00000000080013c0                Error_Handler
 .text.HAL_MspInit
                0x00000000080013c4       0x38 ./Core/Src/stm32f4xx_hal_msp.o
                0x00000000080013c4                HAL_MspInit
 .text.NMI_Handler
                0x00000000080013fc        0x8 ./Core/Src/stm32f4xx_it.o
                0x00000000080013fc                NMI_Handler
 .text.HardFault_Handler
                0x0000000008001404       0x14 ./Core/Src/stm32f4xx_it.o
                0x0000000008001404                HardFault_Handler
 .text.MemManage_Handler
                0x0000000008001418        0x2 ./Core/Src/stm32f4xx_it.o
                0x0000000008001418                MemManage_Handler
 .text.BusFault_Handler
                0x000000000800141a        0x2 ./Core/Src/stm32f4xx_it.o
                0x000000000800141a                BusFault_Handler
 .text.UsageFault_Handler
                0x000000000800141c        0x2 ./Core/Src/stm32f4xx_it.o
                0x000000000800141c                UsageFault_Handler
 .text.SVC_Handler
                0x000000000800141e        0x2 ./Core/Src/stm32f4xx_it.o
                0x000000000800141e                SVC_Handler
 .text.DebugMon_Handler
                0x0000000008001420        0x2 ./Core/Src/stm32f4xx_it.o
                0x0000000008001420                DebugMon_Handler
 .text.PendSV_Handler
                0x0000000008001422        0x2 ./Core/Src/stm32f4xx_it.o
                0x0000000008001422                PendSV_Handler
 .text.SysTick_Handler
                0x0000000008001424        0x8 ./Core/Src/stm32f4xx_it.o
                0x0000000008001424                SysTick_Handler
 .text.CAN1_RX0_IRQHandler
                0x000000000800142c       0x10 ./Core/Src/stm32f4xx_it.o
                0x000000000800142c                CAN1_RX0_IRQHandler
 .text.DMA2_Stream0_IRQHandler
                0x000000000800143c       0x10 ./Core/Src/stm32f4xx_it.o
                0x000000000800143c                DMA2_Stream0_IRQHandler
 .text.SystemInit
                0x000000000800144c       0x14 ./Core/Src/system_stm32f4xx.o
                0x000000000800144c                SystemInit
 .text.MX_TIM1_Init
                0x0000000008001460       0x6c ./Core/Src/tim.o
                0x0000000008001460                MX_TIM1_Init
 .text.HAL_TIM_Encoder_MspInit
                0x00000000080014cc       0x74 ./Core/Src/tim.o
                0x00000000080014cc                HAL_TIM_Encoder_MspInit
 .text.HAL_TIM_PWM_MspInit
                0x0000000008001540       0x30 ./Core/Src/tim.o
                0x0000000008001540                HAL_TIM_PWM_MspInit
 .text.HAL_TIM_MspPostInit
                0x0000000008001570       0x5c ./Core/Src/tim.o
                0x0000000008001570                HAL_TIM_MspPostInit
 .text.MX_TIM3_Init
                0x00000000080015cc       0x84 ./Core/Src/tim.o
                0x00000000080015cc                MX_TIM3_Init
 .text.Reset_Handler
                0x0000000008001650       0x50 ./Core/Startup/startup_stm32f405rgtx.o
                0x0000000008001650                Reset_Handler
 .text.Default_Handler
                0x00000000080016a0        0x2 ./Core/Startup/startup_stm32f405rgtx.o
                0x00000000080016a0                RTC_Alarm_IRQHandler
                0x00000000080016a0                HASH_RNG_IRQHandler
                0x00000000080016a0                EXTI2_IRQHandler
                0x00000000080016a0                TIM8_CC_IRQHandler
                0x00000000080016a0                TIM1_CC_IRQHandler
                0x00000000080016a0                DMA2_Stream5_IRQHandler
                0x00000000080016a0                DMA1_Stream5_IRQHandler
                0x00000000080016a0                PVD_IRQHandler
                0x00000000080016a0                SDIO_IRQHandler
                0x00000000080016a0                TAMP_STAMP_IRQHandler
                0x00000000080016a0                CAN2_RX1_IRQHandler
                0x00000000080016a0                EXTI3_IRQHandler
                0x00000000080016a0                TIM8_TRG_COM_TIM14_IRQHandler
                0x00000000080016a0                TIM1_UP_TIM10_IRQHandler
                0x00000000080016a0                TIM8_UP_TIM13_IRQHandler
                0x00000000080016a0                I2C3_ER_IRQHandler
                0x00000000080016a0                EXTI0_IRQHandler
                0x00000000080016a0                I2C2_EV_IRQHandler
                0x00000000080016a0                DMA1_Stream2_IRQHandler
                0x00000000080016a0                FPU_IRQHandler
                0x00000000080016a0                OTG_HS_WKUP_IRQHandler
                0x00000000080016a0                CAN2_SCE_IRQHandler
                0x00000000080016a0                DMA2_Stream2_IRQHandler
                0x00000000080016a0                SPI1_IRQHandler
                0x00000000080016a0                TIM6_DAC_IRQHandler
                0x00000000080016a0                TIM1_BRK_TIM9_IRQHandler
                0x00000000080016a0                CAN2_RX0_IRQHandler
                0x00000000080016a0                DMA2_Stream3_IRQHandler
                0x00000000080016a0                USART6_IRQHandler
                0x00000000080016a0                USART3_IRQHandler
                0x00000000080016a0                CAN1_RX1_IRQHandler
                0x00000000080016a0                UART5_IRQHandler
                0x00000000080016a0                TIM4_IRQHandler
                0x00000000080016a0                I2C1_EV_IRQHandler
                0x00000000080016a0                DMA1_Stream6_IRQHandler
                0x00000000080016a0                DMA1_Stream1_IRQHandler
                0x00000000080016a0                UART4_IRQHandler
                0x00000000080016a0                TIM3_IRQHandler
                0x00000000080016a0                RCC_IRQHandler
                0x00000000080016a0                TIM8_BRK_TIM12_IRQHandler
                0x00000000080016a0                Default_Handler
                0x00000000080016a0                EXTI15_10_IRQHandler
                0x00000000080016a0                ADC_IRQHandler
                0x00000000080016a0                DMA1_Stream7_IRQHandler
                0x00000000080016a0                TIM7_IRQHandler
                0x00000000080016a0                CAN2_TX_IRQHandler
                0x00000000080016a0                TIM5_IRQHandler
                0x00000000080016a0                DMA2_Stream7_IRQHandler
                0x00000000080016a0                I2C3_EV_IRQHandler
                0x00000000080016a0                EXTI9_5_IRQHandler
                0x00000000080016a0                RTC_WKUP_IRQHandler
                0x00000000080016a0                SPI2_IRQHandler
                0x00000000080016a0                OTG_HS_EP1_IN_IRQHandler
                0x00000000080016a0                DMA1_Stream0_IRQHandler
                0x00000000080016a0                CAN1_TX_IRQHandler
                0x00000000080016a0                EXTI4_IRQHandler
                0x00000000080016a0                FSMC_IRQHandler
                0x00000000080016a0                OTG_HS_EP1_OUT_IRQHandler
                0x00000000080016a0                WWDG_IRQHandler
                0x00000000080016a0                TIM2_IRQHandler
                0x00000000080016a0                OTG_FS_WKUP_IRQHandler
                0x00000000080016a0                TIM1_TRG_COM_TIM11_IRQHandler
                0x00000000080016a0                OTG_HS_IRQHandler
                0x00000000080016a0                EXTI1_IRQHandler
                0x00000000080016a0                USART2_IRQHandler
                0x00000000080016a0                I2C2_ER_IRQHandler
                0x00000000080016a0                DMA2_Stream1_IRQHandler
                0x00000000080016a0                CAN1_SCE_IRQHandler
                0x00000000080016a0                FLASH_IRQHandler
                0x00000000080016a0                DMA2_Stream4_IRQHandler
                0x00000000080016a0                USART1_IRQHandler
                0x00000000080016a0                OTG_FS_IRQHandler
                0x00000000080016a0                SPI3_IRQHandler
                0x00000000080016a0                DMA1_Stream4_IRQHandler
                0x00000000080016a0                I2C1_ER_IRQHandler
                0x00000000080016a0                DMA2_Stream6_IRQHandler
                0x00000000080016a0                DMA1_Stream3_IRQHandler
 *fill*         0x00000000080016a2        0x2 
 .text.HAL_InitTick
                0x00000000080016a4       0x4c ./Drivers/STM32F4xx_HAL_Driver/Src/stm32f4xx_hal.o
                0x00000000080016a4                HAL_InitTick
 .text.HAL_Init
                0x00000000080016f0       0x34 ./Drivers/STM32F4xx_HAL_Driver/Src/stm32f4xx_hal.o
                0x00000000080016f0                HAL_Init
 .text.HAL_IncTick
                0x0000000008001724       0x18 ./Drivers/STM32F4xx_HAL_Driver/Src/stm32f4xx_hal.o
                0x0000000008001724                HAL_IncTick
 .text.HAL_GetTick
                0x000000000800173c        0xc ./Drivers/STM32F4xx_HAL_Driver/Src/stm32f4xx_hal.o
                0x000000000800173c                HAL_GetTick
 .text.HAL_ADC_Init
                0x0000000008001748      0x184 ./Drivers/STM32F4xx_HAL_Driver/Src/stm32f4xx_hal_adc.o
                0x0000000008001748                HAL_ADC_Init
 .text.HAL_ADC_Start_DMA
                0x00000000080018cc      0x1a0 ./Drivers/STM32F4xx_HAL_Driver/Src/stm32f4xx_hal_adc.o
                0x00000000080018cc                HAL_ADC_Start_DMA
 .text.HAL_ADC_ConvHalfCpltCallback
                0x0000000008001a6c        0x2 ./Drivers/STM32F4xx_HAL_Driver/Src/stm32f4xx_hal_adc.o
                0x0000000008001a6c                HAL_ADC_ConvHalfCpltCallback
 .text.ADC_DMAHalfConvCplt
                0x0000000008001a6e        0xa ./Drivers/STM32F4xx_HAL_Driver/Src/stm32f4xx_hal_adc.o
 .text.HAL_ADC_ErrorCallback
                0x0000000008001a78        0x2 ./Drivers/STM32F4xx_HAL_Driver/Src/stm32f4xx_hal_adc.o
                0x0000000008001a78                HAL_ADC_ErrorCallback
 .text.ADC_DMAError
                0x0000000008001a7a       0x16 ./Drivers/STM32F4xx_HAL_Driver/Src/stm32f4xx_hal_adc.o
 .text.ADC_DMAConvCplt
                0x0000000008001a90       0x72 ./Drivers/STM32F4xx_HAL_Driver/Src/stm32f4xx_hal_adc.o
 *fill*         0x0000000008001b02        0x2 
 .text.HAL_ADC_ConfigChannel
                0x0000000008001b04      0x194 ./Drivers/STM32F4xx_HAL_Driver/Src/stm32f4xx_hal_adc.o
                0x0000000008001b04                HAL_ADC_ConfigChannel
 .text.HAL_CAN_Init
                0x0000000008001c98      0x11e ./Drivers/STM32F4xx_HAL_Driver/Src/stm32f4xx_hal_can.o
                0x0000000008001c98                HAL_CAN_Init
 *fill*         0x0000000008001db6        0x2 
 .text.HAL_CAN_ConfigFilter
                0x0000000008001db8      0x130 ./Drivers/STM32F4xx_HAL_Driver/Src/stm32f4xx_hal_can.o
                0x0000000008001db8                HAL_CAN_ConfigFilter
 .text.HAL_CAN_Start
                0x0000000008001ee8       0x5c ./Drivers/STM32F4xx_HAL_Driver/Src/stm32f4xx_hal_can.o
                0x0000000008001ee8                HAL_CAN_Start
 .text.HAL_CAN_AddTxMessage
                0x0000000008001f44       0xf4 ./Drivers/STM32F4xx_HAL_Driver/Src/stm32f4xx_hal_can.o
                0x0000000008001f44                HAL_CAN_AddTxMessage
 .text.HAL_CAN_GetRxMessage
                0x0000000008002038      0x13a ./Drivers/STM32F4xx_HAL_Driver/Src/stm32f4xx_hal_can.o
                0x0000000008002038                HAL_CAN_GetRxMessage
 .text.HAL_CAN_ActivateNotification
                0x0000000008002172       0x24 ./Drivers/STM32F4xx_HAL_Driver/Src/stm32f4xx_hal_can.o
                0x0000000008002172                HAL_CAN_ActivateNotification
 .text.HAL_CAN_TxMailbox0CompleteCallback
                0x0000000008002196        0x2 ./Drivers/STM32F4xx_HAL_Driver/Src/stm32f4xx_hal_can.o
                0x0000000008002196                HAL_CAN_TxMailbox0CompleteCallback
 .text.HAL_CAN_TxMailbox1CompleteCallback
                0x0000000008002198        0x2 ./Drivers/STM32F4xx_HAL_Driver/Src/stm32f4xx_hal_can.o
                0x0000000008002198                HAL_CAN_TxMailbox1CompleteCallback
 .text.HAL_CAN_TxMailbox2CompleteCallback
                0x000000000800219a        0x2 ./Drivers/STM32F4xx_HAL_Driver/Src/stm32f4xx_hal_can.o
                0x000000000800219a                HAL_CAN_TxMailbox2CompleteCallback
 .text.HAL_CAN_TxMailbox0AbortCallback
                0x000000000800219c        0x2 ./Drivers/STM32F4xx_HAL_Driver/Src/stm32f4xx_hal_can.o
                0x000000000800219c                HAL_CAN_TxMailbox0AbortCallback
 .text.HAL_CAN_TxMailbox1AbortCallback
                0x000000000800219e        0x2 ./Drivers/STM32F4xx_HAL_Driver/Src/stm32f4xx_hal_can.o
                0x000000000800219e                HAL_CAN_TxMailbox1AbortCallback
 .text.HAL_CAN_TxMailbox2AbortCallback
                0x00000000080021a0        0x2 ./Drivers/STM32F4xx_HAL_Driver/Src/stm32f4xx_hal_can.o
                0x00000000080021a0                HAL_CAN_TxMailbox2AbortCallback
 .text.HAL_CAN_RxFifo0FullCallback
                0x00000000080021a2        0x2 ./Drivers/STM32F4xx_HAL_Driver/Src/stm32f4xx_hal_can.o
                0x00000000080021a2                HAL_CAN_RxFifo0FullCallback
 .text.HAL_CAN_RxFifo1MsgPendingCallback
                0x00000000080021a4        0x2 ./Drivers/STM32F4xx_HAL_Driver/Src/stm32f4xx_hal_can.o
                0x00000000080021a4                HAL_CAN_RxFifo1MsgPendingCallback
 .text.HAL_CAN_RxFifo1FullCallback
                0x00000000080021a6        0x2 ./Drivers/STM32F4xx_HAL_Driver/Src/stm32f4xx_hal_can.o
                0x00000000080021a6                HAL_CAN_RxFifo1FullCallback
 .text.HAL_CAN_SleepCallback
                0x00000000080021a8        0x2 ./Drivers/STM32F4xx_HAL_Driver/Src/stm32f4xx_hal_can.o
                0x00000000080021a8                HAL_CAN_SleepCallback
 .text.HAL_CAN_WakeUpFromRxMsgCallback
                0x00000000080021aa        0x2 ./Drivers/STM32F4xx_HAL_Driver/Src/stm32f4xx_hal_can.o
                0x00000000080021aa                HAL_CAN_WakeUpFromRxMsgCallback
 .text.HAL_CAN_ErrorCallback
                0x00000000080021ac        0x2 ./Drivers/STM32F4xx_HAL_Driver/Src/stm32f4xx_hal_can.o
                0x00000000080021ac                HAL_CAN_ErrorCallback
 .text.HAL_CAN_IRQHandler
                0x00000000080021ae      0x24c ./Drivers/STM32F4xx_HAL_Driver/Src/stm32f4xx_hal_can.o
                0x00000000080021ae                HAL_CAN_IRQHandler
 *fill*         0x00000000080023fa        0x2 
 .text.HAL_NVIC_SetPriorityGrouping
                0x00000000080023fc       0x24 ./Drivers/STM32F4xx_HAL_Driver/Src/stm32f4xx_hal_cortex.o
                0x00000000080023fc                HAL_NVIC_SetPriorityGrouping
 .text.HAL_NVIC_SetPriority
                0x0000000008002420       0x64 ./Drivers/STM32F4xx_HAL_Driver/Src/stm32f4xx_hal_cortex.o
                0x0000000008002420                HAL_NVIC_SetPriority
 .text.HAL_NVIC_EnableIRQ
                0x0000000008002484       0x1c ./Drivers/STM32F4xx_HAL_Driver/Src/stm32f4xx_hal_cortex.o
                0x0000000008002484                HAL_NVIC_EnableIRQ
 .text.HAL_SYSTICK_Config
                0x00000000080024a0       0x2c ./Drivers/STM32F4xx_HAL_Driver/Src/stm32f4xx_hal_cortex.o
                0x00000000080024a0                HAL_SYSTICK_Config
 .text.DMA_CalcBaseAndBitshift
                0x00000000080024cc       0x40 ./Drivers/STM32F4xx_HAL_Driver/Src/stm32f4xx_hal_dma.o
 .text.HAL_DMA_Init
                0x000000000800250c      0x130 ./Drivers/STM32F4xx_HAL_Driver/Src/stm32f4xx_hal_dma.o
                0x000000000800250c                HAL_DMA_Init
 .text.HAL_DMA_Start_IT
                0x000000000800263c       0x8a ./Drivers/STM32F4xx_HAL_Driver/Src/stm32f4xx_hal_dma.o
                0x000000000800263c                HAL_DMA_Start_IT
 *fill*         0x00000000080026c6        0x2 
 .text.HAL_DMA_IRQHandler
                0x00000000080026c8      0x1dc ./Drivers/STM32F4xx_HAL_Driver/Src/stm32f4xx_hal_dma.o
                0x00000000080026c8                HAL_DMA_IRQHandler
 .text.HAL_GPIO_Init
                0x00000000080028a4      0x1f0 ./Drivers/STM32F4xx_HAL_Driver/Src/stm32f4xx_hal_gpio.o
                0x00000000080028a4                HAL_GPIO_Init
 .text.HAL_GPIO_WritePin
                0x0000000008002a94        0xc ./Drivers/STM32F4xx_HAL_Driver/Src/stm32f4xx_hal_gpio.o
                0x0000000008002a94                HAL_GPIO_WritePin
 .text.HAL_GPIO_TogglePin
                0x0000000008002aa0       0x12 ./Drivers/STM32F4xx_HAL_Driver/Src/stm32f4xx_hal_gpio.o
                0x0000000008002aa0                HAL_GPIO_TogglePin
 *fill*         0x0000000008002ab2        0x2 
 .text.HAL_RCC_OscConfig
                0x0000000008002ab4      0x3fc ./Drivers/STM32F4xx_HAL_Driver/Src/stm32f4xx_hal_rcc.o
                0x0000000008002ab4                HAL_RCC_OscConfig
 .text.HAL_RCC_EnableCSS
                0x0000000008002eb0        0xc ./Drivers/STM32F4xx_HAL_Driver/Src/stm32f4xx_hal_rcc.o
                0x0000000008002eb0                HAL_RCC_EnableCSS
 .text.HAL_RCC_GetSysClockFreq
                0x0000000008002ebc       0xcc ./Drivers/STM32F4xx_HAL_Driver/Src/stm32f4xx_hal_rcc.o
                0x0000000008002ebc                HAL_RCC_GetSysClockFreq
 .text.HAL_RCC_ClockConfig
                0x0000000008002f88      0x164 ./Drivers/STM32F4xx_HAL_Driver/Src/stm32f4xx_hal_rcc.o
                0x0000000008002f88                HAL_RCC_ClockConfig
 .text.HAL_RCC_CSSCallback
                0x00000000080030ec        0x2 ./Drivers/STM32F4xx_HAL_Driver/Src/stm32f4xx_hal_rcc.o
                0x00000000080030ec                HAL_RCC_CSSCallback
 *fill*         0x00000000080030ee        0x2 
 .text.HAL_RCC_NMI_IRQHandler
                0x00000000080030f0       0x24 ./Drivers/STM32F4xx_HAL_Driver/Src/stm32f4xx_hal_rcc.o
                0x00000000080030f0                HAL_RCC_NMI_IRQHandler
 .text.TIM_OC1_SetConfig
                0x0000000008003114       0x68 ./Drivers/STM32F4xx_HAL_Driver/Src/stm32f4xx_hal_tim.o
 .text.TIM_OC3_SetConfig
                0x000000000800317c       0x70 ./Drivers/STM32F4xx_HAL_Driver/Src/stm32f4xx_hal_tim.o
 .text.TIM_OC4_SetConfig
                0x00000000080031ec       0x50 ./Drivers/STM32F4xx_HAL_Driver/Src/stm32f4xx_hal_tim.o
 .text.TIM_Base_SetConfig
                0x000000000800323c      0x108 ./Drivers/STM32F4xx_HAL_Driver/Src/stm32f4xx_hal_tim.o
                0x000000000800323c                TIM_Base_SetConfig
 .text.HAL_TIM_PWM_Init
                0x0000000008003344       0x58 ./Drivers/STM32F4xx_HAL_Driver/Src/stm32f4xx_hal_tim.o
                0x0000000008003344                HAL_TIM_PWM_Init
 .text.HAL_TIM_Encoder_Init
                0x000000000800339c       0xb0 ./Drivers/STM32F4xx_HAL_Driver/Src/stm32f4xx_hal_tim.o
                0x000000000800339c                HAL_TIM_Encoder_Init
 .text.TIM_OC2_SetConfig
                0x000000000800344c       0x70 ./Drivers/STM32F4xx_HAL_Driver/Src/stm32f4xx_hal_tim.o
                0x000000000800344c                TIM_OC2_SetConfig
 .text.HAL_TIM_PWM_ConfigChannel
                0x00000000080034bc       0xdc ./Drivers/STM32F4xx_HAL_Driver/Src/stm32f4xx_hal_tim.o
                0x00000000080034bc                HAL_TIM_PWM_ConfigChannel
 .text.TIM_CCxChannelCmd
                0x0000000008003598       0x20 ./Drivers/STM32F4xx_HAL_Driver/Src/stm32f4xx_hal_tim.o
                0x0000000008003598                TIM_CCxChannelCmd
 .text.HAL_TIM_PWM_Start
                0x00000000080035b8       0xf4 ./Drivers/STM32F4xx_HAL_Driver/Src/stm32f4xx_hal_tim.o
                0x00000000080035b8                HAL_TIM_PWM_Start
 .text.HAL_TIM_Encoder_Start
                0x00000000080036ac       0xb4 ./Drivers/STM32F4xx_HAL_Driver/Src/stm32f4xx_hal_tim.o
                0x00000000080036ac                HAL_TIM_Encoder_Start
 .text.HAL_TIMEx_MasterConfigSynchronization
                0x0000000008003760       0x88 ./Drivers/STM32F4xx_HAL_Driver/Src/stm32f4xx_hal_tim_ex.o
                0x0000000008003760                HAL_TIMEx_MasterConfigSynchronization
 .text.__libc_init_array
                0x00000000080037e8       0x48 c:/st/stm32cubeide_1.8.0/stm32cubeide/plugins/com.st.stm32cube.ide.mcu.externaltools.gnu-tools-for-stm32.9-2020-q2-update.win32_2.0.0.202105311346/tools/bin/../lib/gcc/arm-none-eabi/9.3.1/../../../../arm-none-eabi/lib/thumb/v7e-m+fp/hard\libc_nano.a(lib_a-init.o)
                0x00000000080037e8                __libc_init_array
 .text.memset   0x0000000008003830       0x10 c:/st/stm32cubeide_1.8.0/stm32cubeide/plugins/com.st.stm32cube.ide.mcu.externaltools.gnu-tools-for-stm32.9-2020-q2-update.win32_2.0.0.202105311346/tools/bin/../lib/gcc/arm-none-eabi/9.3.1/../../../../arm-none-eabi/lib/thumb/v7e-m+fp/hard\libc_nano.a(lib_a-memset.o)
                0x0000000008003830                memset
 *(.glue_7)
 .glue_7        0x0000000008003840        0x0 linker stubs
 *(.glue_7t)
 .glue_7t       0x0000000008003840        0x0 linker stubs
 *(.eh_frame)
 .eh_frame      0x0000000008003840        0x0 c:/st/stm32cubeide_1.8.0/stm32cubeide/plugins/com.st.stm32cube.ide.mcu.externaltools.gnu-tools-for-stm32.9-2020-q2-update.win32_2.0.0.202105311346/tools/bin/../lib/gcc/arm-none-eabi/9.3.1/thumb/v7e-m+fp/hard/crtbegin.o
 *(.init)
 .init          0x0000000008003840        0x4 c:/st/stm32cubeide_1.8.0/stm32cubeide/plugins/com.st.stm32cube.ide.mcu.externaltools.gnu-tools-for-stm32.9-2020-q2-update.win32_2.0.0.202105311346/tools/bin/../lib/gcc/arm-none-eabi/9.3.1/thumb/v7e-m+fp/hard/crti.o
                0x0000000008003840                _init
 .init          0x0000000008003844        0x8 c:/st/stm32cubeide_1.8.0/stm32cubeide/plugins/com.st.stm32cube.ide.mcu.externaltools.gnu-tools-for-stm32.9-2020-q2-update.win32_2.0.0.202105311346/tools/bin/../lib/gcc/arm-none-eabi/9.3.1/thumb/v7e-m+fp/hard/crtn.o
 *(.fini)
 .fini          0x000000000800384c        0x4 c:/st/stm32cubeide_1.8.0/stm32cubeide/plugins/com.st.stm32cube.ide.mcu.externaltools.gnu-tools-for-stm32.9-2020-q2-update.win32_2.0.0.202105311346/tools/bin/../lib/gcc/arm-none-eabi/9.3.1/thumb/v7e-m+fp/hard/crti.o
                0x000000000800384c                _fini
 .fini          0x0000000008003850        0x8 c:/st/stm32cubeide_1.8.0/stm32cubeide/plugins/com.st.stm32cube.ide.mcu.externaltools.gnu-tools-for-stm32.9-2020-q2-update.win32_2.0.0.202105311346/tools/bin/../lib/gcc/arm-none-eabi/9.3.1/thumb/v7e-m+fp/hard/crtn.o
                0x0000000008003858                . = ALIGN (0x4)
                0x0000000008003858                _etext = .

.vfp11_veneer   0x0000000008003858        0x0
 .vfp11_veneer  0x0000000008003858        0x0 linker stubs

.v4_bx          0x0000000008003858        0x0
 .v4_bx         0x0000000008003858        0x0 linker stubs

.iplt           0x0000000008003858        0x0
 .iplt          0x0000000008003858        0x0 c:/st/stm32cubeide_1.8.0/stm32cubeide/plugins/com.st.stm32cube.ide.mcu.externaltools.gnu-tools-for-stm32.9-2020-q2-update.win32_2.0.0.202105311346/tools/bin/../lib/gcc/arm-none-eabi/9.3.1/thumb/v7e-m+fp/hard/crtbegin.o

.rodata         0x0000000008003858       0x18
                0x0000000008003858                . = ALIGN (0x4)
 *(.rodata)
 *(.rodata*)
 .rodata.AHBPrescTable
                0x0000000008003858       0x10 ./Core/Src/system_stm32f4xx.o
                0x0000000008003858                AHBPrescTable
 .rodata.flagBitshiftOffset.8724
                0x0000000008003868        0x8 ./Drivers/STM32F4xx_HAL_Driver/Src/stm32f4xx_hal_dma.o
                0x0000000008003870                . = ALIGN (0x4)

.ARM.extab      0x0000000008003870        0x0
                0x0000000008003870                . = ALIGN (0x4)
 *(.ARM.extab* .gnu.linkonce.armextab.*)
                0x0000000008003870                . = ALIGN (0x4)

.ARM            0x0000000008003870        0x8
                0x0000000008003870                . = ALIGN (0x4)
                0x0000000008003870                __exidx_start = .
 *(.ARM.exidx*)
 .ARM.exidx     0x0000000008003870        0x8 c:/st/stm32cubeide_1.8.0/stm32cubeide/plugins/com.st.stm32cube.ide.mcu.externaltools.gnu-tools-for-stm32.9-2020-q2-update.win32_2.0.0.202105311346/tools/bin/../lib/gcc/arm-none-eabi/9.3.1/thumb/v7e-m+fp/hard\libgcc.a(_udivmoddi4.o)
                0x0000000008003878                __exidx_end = .
                0x0000000008003878                . = ALIGN (0x4)

.rel.dyn        0x0000000008003878        0x0
 .rel.iplt      0x0000000008003878        0x0 c:/st/stm32cubeide_1.8.0/stm32cubeide/plugins/com.st.stm32cube.ide.mcu.externaltools.gnu-tools-for-stm32.9-2020-q2-update.win32_2.0.0.202105311346/tools/bin/../lib/gcc/arm-none-eabi/9.3.1/thumb/v7e-m+fp/hard/crtbegin.o

.preinit_array  0x0000000008003878        0x0
                0x0000000008003878                . = ALIGN (0x4)
                0x0000000008003878                PROVIDE (__preinit_array_start = .)
 *(.preinit_array*)
                0x0000000008003878                PROVIDE (__preinit_array_end = .)
                0x0000000008003878                . = ALIGN (0x4)

.init_array     0x0000000008003878        0x4
                0x0000000008003878                . = ALIGN (0x4)
                0x0000000008003878                PROVIDE (__init_array_start = .)
 *(SORT_BY_NAME(.init_array.*))
 *(.init_array*)
 .init_array    0x0000000008003878        0x4 c:/st/stm32cubeide_1.8.0/stm32cubeide/plugins/com.st.stm32cube.ide.mcu.externaltools.gnu-tools-for-stm32.9-2020-q2-update.win32_2.0.0.202105311346/tools/bin/../lib/gcc/arm-none-eabi/9.3.1/thumb/v7e-m+fp/hard/crtbegin.o
                0x000000000800387c                PROVIDE (__init_array_end = .)
                0x000000000800387c                . = ALIGN (0x4)

.fini_array     0x000000000800387c        0x4
                0x000000000800387c                . = ALIGN (0x4)
                [!provide]                        PROVIDE (__fini_array_start = .)
 *(SORT_BY_NAME(.fini_array.*))
 *(.fini_array*)
 .fini_array    0x000000000800387c        0x4 c:/st/stm32cubeide_1.8.0/stm32cubeide/plugins/com.st.stm32cube.ide.mcu.externaltools.gnu-tools-for-stm32.9-2020-q2-update.win32_2.0.0.202105311346/tools/bin/../lib/gcc/arm-none-eabi/9.3.1/thumb/v7e-m+fp/hard/crtbegin.o
                [!provide]                        PROVIDE (__fini_array_end = .)
                0x0000000008003880                . = ALIGN (0x4)
                0x0000000008003880                _sidata = LOADADDR (.data)

.data           0x0000000020000000       0x18 load address 0x0000000008003880
                0x0000000020000000                . = ALIGN (0x4)
                0x0000000020000000                _sdata = .
 *(.data)
 *(.data*)
 .data.DeviceID
                0x0000000020000000        0x4 ./Core/Src/main.o
                0x0000000020000000                DeviceID
 .data.MaxPos   0x0000000020000004        0x2 ./Core/Src/main.o
                0x0000000020000004                MaxPos
 .data.middle_ADC
                0x0000000020000006        0x2 ./Core/Src/main.o
                0x0000000020000006                middle_ADC
 .data.pwmMax   0x0000000020000008        0x4 ./Core/Src/main.o
                0x0000000020000008                pwmMax
 .data.SystemCoreClock
                0x000000002000000c        0x4 ./Core/Src/system_stm32f4xx.o
                0x000000002000000c                SystemCoreClock
 .data.uwTickFreq
                0x0000000020000010        0x1 ./Drivers/STM32F4xx_HAL_Driver/Src/stm32f4xx_hal.o
                0x0000000020000010                uwTickFreq
 *fill*         0x0000000020000011        0x3 
 .data.uwTickPrio
                0x0000000020000014        0x4 ./Drivers/STM32F4xx_HAL_Driver/Src/stm32f4xx_hal.o
                0x0000000020000014                uwTickPrio
 *(.RamFunc)
 *(.RamFunc*)
                0x0000000020000018                . = ALIGN (0x4)
                0x0000000020000018                _edata = .
                0x0000000008003898                _siccmram = LOADADDR (.ccmram)

.igot.plt       0x0000000020000018        0x0 load address 0x0000000008003898
 .igot.plt      0x0000000020000018        0x0 c:/st/stm32cubeide_1.8.0/stm32cubeide/plugins/com.st.stm32cube.ide.mcu.externaltools.gnu-tools-for-stm32.9-2020-q2-update.win32_2.0.0.202105311346/tools/bin/../lib/gcc/arm-none-eabi/9.3.1/thumb/v7e-m+fp/hard/crtbegin.o

.ccmram         0x0000000010000000        0x0 load address 0x0000000008003898
                0x0000000010000000                . = ALIGN (0x4)
                0x0000000010000000                _sccmram = .
 *(.ccmram)
 *(.ccmram*)
                0x0000000010000000                . = ALIGN (0x4)
                0x0000000010000000                _eccmram = .
                0x0000000010000000                . = ALIGN (0x4)

.bss            0x0000000020000018      0x27c
                0x0000000020000018                _sbss = .
                0x0000000020000018                __bss_start__ = _sbss
 *(.bss)
 .bss           0x0000000020000018       0x1c c:/st/stm32cubeide_1.8.0/stm32cubeide/plugins/com.st.stm32cube.ide.mcu.externaltools.gnu-tools-for-stm32.9-2020-q2-update.win32_2.0.0.202105311346/tools/bin/../lib/gcc/arm-none-eabi/9.3.1/thumb/v7e-m+fp/hard/crtbegin.o
 *(.bss*)
 *(COMMON)
 COMMON         0x0000000020000034       0xa8 ./Core/Src/adc.o
                0x0000000020000034                hadc1
                0x000000002000007c                hdma_adc1
 COMMON         0x00000000200000dc       0x28 ./Core/Src/can.o
                0x00000000200000dc                hcan1
 COMMON         0x0000000020000104       0xfa ./Core/Src/main.o
                0x0000000020000104                potDegFilt
                0x0000000020000108                CAN_Rx_Filter
                0x0000000020000130                ENC_Fusion
                0x0000000020000134                potDeg
                0x0000000020000138                posSteerFusion
                0x000000002000013c                propo
                0x0000000020000140                CAN_RxData
                0x0000000020000148                error_pos
                0x000000002000014c                PID_eps
                0x0000000020000150                steer_SP_Pos
                0x0000000020000152                adcDiff
                0x0000000020000154                ENC_ABS_Filt
                0x0000000020000158                voltage
                0x000000002000016c                ADC_To_ENC
                0x0000000020000170                timeS
                0x0000000020000174                mode
                0x0000000020000178                adcRead
                0x0000000020000182                steer_encoder
                0x0000000020000184                PWM_CAN
                0x0000000020000188                diffOffset
                0x000000002000018c                adctoEnc
                0x0000000020000190                CAN_TxData
                0x0000000020000198                time_fuse
                0x000000002000019c                TxMailbox
                0x00000000200001a0                posSteerADC
                0x00000000200001a4                PWM_out
                0x00000000200001a8                RxMsg
                0x00000000200001c4                tickEPS
                0x00000000200001c8                epsEMGC
                0x00000000200001cc                TxMsg
                0x00000000200001e4                diffFilter
                0x00000000200001e8                adcBuff
                0x00000000200001fc                ENC_Abs
 *fill*         0x00000000200001fe        0x2 
 COMMON         0x0000000020000200       0x90 ./Core/Src/tim.o
                0x0000000020000200                htim3
                0x0000000020000248                htim1
 COMMON         0x0000000020000290        0x4 ./Drivers/STM32F4xx_HAL_Driver/Src/stm32f4xx_hal.o
                0x0000000020000290                uwTick
                0x0000000020000294                . = ALIGN (0x4)
                0x0000000020000294                _ebss = .
                0x0000000020000294                __bss_end__ = _ebss

._user_heap_stack
                0x0000000020000294      0x604
                0x0000000020000298                . = ALIGN (0x8)
 *fill*         0x0000000020000294        0x4 
                [!provide]                        PROVIDE (end = .)
                0x0000000020000298                PROVIDE (_end = .)
                0x0000000020000498                . = (. + _Min_Heap_Size)
 *fill*         0x0000000020000298      0x200 
                0x0000000020000898                . = (. + _Min_Stack_Size)
 *fill*         0x0000000020000498      0x400 
                0x0000000020000898                . = ALIGN (0x8)

/DISCARD/
 libc.a(*)
 libm.a(*)
 libgcc.a(*)

.ARM.attributes
                0x0000000000000000       0x30
 *(.ARM.attributes)
 .ARM.attributes
                0x0000000000000000       0x1e c:/st/stm32cubeide_1.8.0/stm32cubeide/plugins/com.st.stm32cube.ide.mcu.externaltools.gnu-tools-for-stm32.9-2020-q2-update.win32_2.0.0.202105311346/tools/bin/../lib/gcc/arm-none-eabi/9.3.1/thumb/v7e-m+fp/hard/crti.o
 .ARM.attributes
                0x000000000000001e       0x34 c:/st/stm32cubeide_1.8.0/stm32cubeide/plugins/com.st.stm32cube.ide.mcu.externaltools.gnu-tools-for-stm32.9-2020-q2-update.win32_2.0.0.202105311346/tools/bin/../lib/gcc/arm-none-eabi/9.3.1/thumb/v7e-m+fp/hard/crtbegin.o
 .ARM.attributes
                0x0000000000000052       0x34 ./Core/Src/M_CAN_FilterSetup.o
 .ARM.attributes
                0x0000000000000086       0x34 ./Core/Src/adc.o
 .ARM.attributes
                0x00000000000000ba       0x34 ./Core/Src/can.o
 .ARM.attributes
                0x00000000000000ee       0x34 ./Core/Src/dma.o
 .ARM.attributes
                0x0000000000000122       0x34 ./Core/Src/gpio.o
 .ARM.attributes
                0x0000000000000156       0x34 ./Core/Src/main.o
 .ARM.attributes
                0x000000000000018a       0x34 ./Core/Src/stm32f4xx_hal_msp.o
 .ARM.attributes
                0x00000000000001be       0x34 ./Core/Src/stm32f4xx_it.o
 .ARM.attributes
                0x00000000000001f2       0x34 ./Core/Src/system_stm32f4xx.o
 .ARM.attributes
                0x0000000000000226       0x34 ./Core/Src/tim.o
 .ARM.attributes
                0x000000000000025a       0x21 ./Core/Startup/startup_stm32f405rgtx.o
 .ARM.attributes
                0x000000000000027b       0x34 ./Drivers/STM32F4xx_HAL_Driver/Src/stm32f4xx_hal.o
 .ARM.attributes
                0x00000000000002af       0x34 ./Drivers/STM32F4xx_HAL_Driver/Src/stm32f4xx_hal_adc.o
 .ARM.attributes
                0x00000000000002e3       0x34 ./Drivers/STM32F4xx_HAL_Driver/Src/stm32f4xx_hal_can.o
 .ARM.attributes
                0x0000000000000317       0x34 ./Drivers/STM32F4xx_HAL_Driver/Src/stm32f4xx_hal_cortex.o
 .ARM.attributes
                0x000000000000034b       0x34 ./Drivers/STM32F4xx_HAL_Driver/Src/stm32f4xx_hal_dma.o
 .ARM.attributes
                0x000000000000037f       0x34 ./Drivers/STM32F4xx_HAL_Driver/Src/stm32f4xx_hal_gpio.o
 .ARM.attributes
                0x00000000000003b3       0x34 ./Drivers/STM32F4xx_HAL_Driver/Src/stm32f4xx_hal_rcc.o
 .ARM.attributes
                0x00000000000003e7       0x34 ./Drivers/STM32F4xx_HAL_Driver/Src/stm32f4xx_hal_tim.o
 .ARM.attributes
                0x000000000000041b       0x34 ./Drivers/STM32F4xx_HAL_Driver/Src/stm32f4xx_hal_tim_ex.o
 .ARM.attributes
                0x000000000000044f       0x34 c:/st/stm32cubeide_1.8.0/stm32cubeide/plugins/com.st.stm32cube.ide.mcu.externaltools.gnu-tools-for-stm32.9-2020-q2-update.win32_2.0.0.202105311346/tools/bin/../lib/gcc/arm-none-eabi/9.3.1/../../../../arm-none-eabi/lib/thumb/v7e-m+fp/hard\libc_nano.a(lib_a-init.o)
 .ARM.attributes
                0x0000000000000483       0x34 c:/st/stm32cubeide_1.8.0/stm32cubeide/plugins/com.st.stm32cube.ide.mcu.externaltools.gnu-tools-for-stm32.9-2020-q2-update.win32_2.0.0.202105311346/tools/bin/../lib/gcc/arm-none-eabi/9.3.1/../../../../arm-none-eabi/lib/thumb/v7e-m+fp/hard\libc_nano.a(lib_a-memset.o)
 .ARM.attributes
                0x00000000000004b7       0x1e c:/st/stm32cubeide_1.8.0/stm32cubeide/plugins/com.st.stm32cube.ide.mcu.externaltools.gnu-tools-for-stm32.9-2020-q2-update.win32_2.0.0.202105311346/tools/bin/../lib/gcc/arm-none-eabi/9.3.1/thumb/v7e-m+fp/hard\libgcc.a(_arm_muldf3.o)
 .ARM.attributes
                0x00000000000004d5       0x1e c:/st/stm32cubeide_1.8.0/stm32cubeide/plugins/com.st.stm32cube.ide.mcu.externaltools.gnu-tools-for-stm32.9-2020-q2-update.win32_2.0.0.202105311346/tools/bin/../lib/gcc/arm-none-eabi/9.3.1/thumb/v7e-m+fp/hard\libgcc.a(_arm_addsubdf3.o)
 .ARM.attributes
                0x00000000000004f3       0x1e c:/st/stm32cubeide_1.8.0/stm32cubeide/plugins/com.st.stm32cube.ide.mcu.externaltools.gnu-tools-for-stm32.9-2020-q2-update.win32_2.0.0.202105311346/tools/bin/../lib/gcc/arm-none-eabi/9.3.1/thumb/v7e-m+fp/hard\libgcc.a(_arm_fixdfsi.o)
 .ARM.attributes
                0x0000000000000511       0x1e c:/st/stm32cubeide_1.8.0/stm32cubeide/plugins/com.st.stm32cube.ide.mcu.externaltools.gnu-tools-for-stm32.9-2020-q2-update.win32_2.0.0.202105311346/tools/bin/../lib/gcc/arm-none-eabi/9.3.1/thumb/v7e-m+fp/hard\libgcc.a(_arm_truncdfsf2.o)
 .ARM.attributes
                0x000000000000052f       0x1e c:/st/stm32cubeide_1.8.0/stm32cubeide/plugins/com.st.stm32cube.ide.mcu.externaltools.gnu-tools-for-stm32.9-2020-q2-update.win32_2.0.0.202105311346/tools/bin/../lib/gcc/arm-none-eabi/9.3.1/thumb/v7e-m+fp/hard\libgcc.a(_aeabi_uldivmod.o)
 .ARM.attributes
                0x000000000000054d       0x34 c:/st/stm32cubeide_1.8.0/stm32cubeide/plugins/com.st.stm32cube.ide.mcu.externaltools.gnu-tools-for-stm32.9-2020-q2-update.win32_2.0.0.202105311346/tools/bin/../lib/gcc/arm-none-eabi/9.3.1/thumb/v7e-m+fp/hard\libgcc.a(_udivmoddi4.o)
 .ARM.attributes
                0x0000000000000581       0x1e c:/st/stm32cubeide_1.8.0/stm32cubeide/plugins/com.st.stm32cube.ide.mcu.externaltools.gnu-tools-for-stm32.9-2020-q2-update.win32_2.0.0.202105311346/tools/bin/../lib/gcc/arm-none-eabi/9.3.1/thumb/v7e-m+fp/hard\libgcc.a(_dvmd_tls.o)
 .ARM.attributes
                0x000000000000059f       0x1e c:/st/stm32cubeide_1.8.0/stm32cubeide/plugins/com.st.stm32cube.ide.mcu.externaltools.gnu-tools-for-stm32.9-2020-q2-update.win32_2.0.0.202105311346/tools/bin/../lib/gcc/arm-none-eabi/9.3.1/thumb/v7e-m+fp/hard/crtn.o
OUTPUT(EPS_Driver.elf elf32-littlearm)
LOAD linker stubs
LOAD c:/st/stm32cubeide_1.8.0/stm32cubeide/plugins/com.st.stm32cube.ide.mcu.externaltools.gnu-tools-for-stm32.9-2020-q2-update.win32_2.0.0.202105311346/tools/bin/../lib/gcc/arm-none-eabi/9.3.1/../../../../arm-none-eabi/lib/thumb/v7e-m+fp/hard\libc.a
LOAD c:/st/stm32cubeide_1.8.0/stm32cubeide/plugins/com.st.stm32cube.ide.mcu.externaltools.gnu-tools-for-stm32.9-2020-q2-update.win32_2.0.0.202105311346/tools/bin/../lib/gcc/arm-none-eabi/9.3.1/../../../../arm-none-eabi/lib/thumb/v7e-m+fp/hard\libm.a
LOAD c:/st/stm32cubeide_1.8.0/stm32cubeide/plugins/com.st.stm32cube.ide.mcu.externaltools.gnu-tools-for-stm32.9-2020-q2-update.win32_2.0.0.202105311346/tools/bin/../lib/gcc/arm-none-eabi/9.3.1/thumb/v7e-m+fp/hard\libgcc.a

.debug_info     0x0000000000000000    0x13005
 .debug_info    0x0000000000000000      0x6b5 ./Core/Src/M_CAN_FilterSetup.o
 .debug_info    0x00000000000006b5      0xc4b ./Core/Src/adc.o
 .debug_info    0x0000000000001300      0xc3e ./Core/Src/can.o
 .debug_info    0x0000000000001f3e      0x5da ./Core/Src/dma.o
 .debug_info    0x0000000000002518      0x54c ./Core/Src/gpio.o
 .debug_info    0x0000000000002a64     0x263d ./Core/Src/main.o
 .debug_info    0x00000000000050a1      0x394 ./Core/Src/stm32f4xx_hal_msp.o
 .debug_info    0x0000000000005435      0xa55 ./Core/Src/stm32f4xx_it.o
 .debug_info    0x0000000000005e8a      0x5bd ./Core/Src/system_stm32f4xx.o
 .debug_info    0x0000000000006447      0xeee ./Core/Src/tim.o
 .debug_info    0x0000000000007335       0x22 ./Core/Startup/startup_stm32f405rgtx.o
 .debug_info    0x0000000000007357      0xa6b ./Drivers/STM32F4xx_HAL_Driver/Src/stm32f4xx_hal.o
 .debug_info    0x0000000000007dc2      0xfc5 ./Drivers/STM32F4xx_HAL_Driver/Src/stm32f4xx_hal_adc.o
 .debug_info    0x0000000000008d87     0x1330 ./Drivers/STM32F4xx_HAL_Driver/Src/stm32f4xx_hal_can.o
 .debug_info    0x000000000000a0b7     0x1142 ./Drivers/STM32F4xx_HAL_Driver/Src/stm32f4xx_hal_cortex.o
 .debug_info    0x000000000000b1f9      0xc4b ./Drivers/STM32F4xx_HAL_Driver/Src/stm32f4xx_hal_dma.o
 .debug_info    0x000000000000be44      0x884 ./Drivers/STM32F4xx_HAL_Driver/Src/stm32f4xx_hal_gpio.o
 .debug_info    0x000000000000c6c8      0xb83 ./Drivers/STM32F4xx_HAL_Driver/Src/stm32f4xx_hal_rcc.o
 .debug_info    0x000000000000d24b     0x41e0 ./Drivers/STM32F4xx_HAL_Driver/Src/stm32f4xx_hal_tim.o
 .debug_info    0x000000000001142b     0x1bda ./Drivers/STM32F4xx_HAL_Driver/Src/stm32f4xx_hal_tim_ex.o

.debug_abbrev   0x0000000000000000     0x2ae2
 .debug_abbrev  0x0000000000000000      0x1a1 ./Core/Src/M_CAN_FilterSetup.o
 .debug_abbrev  0x00000000000001a1      0x1f8 ./Core/Src/adc.o
 .debug_abbrev  0x0000000000000399      0x213 ./Core/Src/can.o
 .debug_abbrev  0x00000000000005ac      0x156 ./Core/Src/dma.o
 .debug_abbrev  0x0000000000000702      0x17e ./Core/Src/gpio.o
 .debug_abbrev  0x0000000000000880      0x396 ./Core/Src/main.o
 .debug_abbrev  0x0000000000000c16      0x11d ./Core/Src/stm32f4xx_hal_msp.o
 .debug_abbrev  0x0000000000000d33      0x1d8 ./Core/Src/stm32f4xx_it.o
 .debug_abbrev  0x0000000000000f0b      0x14b ./Core/Src/system_stm32f4xx.o
 .debug_abbrev  0x0000000000001056      0x21d ./Core/Src/tim.o
 .debug_abbrev  0x0000000000001273       0x12 ./Core/Startup/startup_stm32f405rgtx.o
 .debug_abbrev  0x0000000000001285      0x21c ./Drivers/STM32F4xx_HAL_Driver/Src/stm32f4xx_hal.o
 .debug_abbrev  0x00000000000014a1      0x2be ./Drivers/STM32F4xx_HAL_Driver/Src/stm32f4xx_hal_adc.o
 .debug_abbrev  0x000000000000175f      0x297 ./Drivers/STM32F4xx_HAL_Driver/Src/stm32f4xx_hal_can.o
 .debug_abbrev  0x00000000000019f6      0x37a ./Drivers/STM32F4xx_HAL_Driver/Src/stm32f4xx_hal_cortex.o
 .debug_abbrev  0x0000000000001d70      0x33b ./Drivers/STM32F4xx_HAL_Driver/Src/stm32f4xx_hal_dma.o
 .debug_abbrev  0x00000000000020ab      0x21d ./Drivers/STM32F4xx_HAL_Driver/Src/stm32f4xx_hal_gpio.o
 .debug_abbrev  0x00000000000022c8      0x2d0 ./Drivers/STM32F4xx_HAL_Driver/Src/stm32f4xx_hal_rcc.o
 .debug_abbrev  0x0000000000002598      0x2d9 ./Drivers/STM32F4xx_HAL_Driver/Src/stm32f4xx_hal_tim.o
 .debug_abbrev  0x0000000000002871      0x271 ./Drivers/STM32F4xx_HAL_Driver/Src/stm32f4xx_hal_tim_ex.o

.debug_loc      0x0000000000000000     0xaeb3
 .debug_loc     0x0000000000000000       0x54 ./Core/Src/M_CAN_FilterSetup.o
 .debug_loc     0x0000000000000054       0x71 ./Core/Src/adc.o
 .debug_loc     0x00000000000000c5       0x84 ./Core/Src/can.o
 .debug_loc     0x0000000000000149       0xb0 ./Core/Src/main.o
 .debug_loc     0x00000000000001f9      0x185 ./Core/Src/system_stm32f4xx.o
 .debug_loc     0x000000000000037e       0xc6 ./Core/Src/tim.o
 .debug_loc     0x0000000000000444      0x141 ./Drivers/STM32F4xx_HAL_Driver/Src/stm32f4xx_hal.o
 .debug_loc     0x0000000000000585      0xb5f ./Drivers/STM32F4xx_HAL_Driver/Src/stm32f4xx_hal_adc.o
 .debug_loc     0x00000000000010e4      0xd80 ./Drivers/STM32F4xx_HAL_Driver/Src/stm32f4xx_hal_can.o
 .debug_loc     0x0000000000001e64      0x630 ./Drivers/STM32F4xx_HAL_Driver/Src/stm32f4xx_hal_cortex.o
 .debug_loc     0x0000000000002494      0xa85 ./Drivers/STM32F4xx_HAL_Driver/Src/stm32f4xx_hal_dma.o
 .debug_loc     0x0000000000002f19      0x4af ./Drivers/STM32F4xx_HAL_Driver/Src/stm32f4xx_hal_gpio.o
 .debug_loc     0x00000000000033c8      0x566 ./Drivers/STM32F4xx_HAL_Driver/Src/stm32f4xx_hal_rcc.o
 .debug_loc     0x000000000000392e     0x5825 ./Drivers/STM32F4xx_HAL_Driver/Src/stm32f4xx_hal_tim.o
 .debug_loc     0x0000000000009153     0x1d60 ./Drivers/STM32F4xx_HAL_Driver/Src/stm32f4xx_hal_tim_ex.o

.debug_aranges  0x0000000000000000      0xc50
 .debug_aranges
                0x0000000000000000       0x20 ./Core/Src/M_CAN_FilterSetup.o
 .debug_aranges
                0x0000000000000020       0x30 ./Core/Src/adc.o
 .debug_aranges
                0x0000000000000050       0x30 ./Core/Src/can.o
 .debug_aranges
                0x0000000000000080       0x20 ./Core/Src/dma.o
 .debug_aranges
                0x00000000000000a0       0x20 ./Core/Src/gpio.o
 .debug_aranges
                0x00000000000000c0       0x48 ./Core/Src/main.o
 .debug_aranges
                0x0000000000000108       0x20 ./Core/Src/stm32f4xx_hal_msp.o
 .debug_aranges
                0x0000000000000128       0x70 ./Core/Src/stm32f4xx_it.o
 .debug_aranges
                0x0000000000000198       0x28 ./Core/Src/system_stm32f4xx.o
 .debug_aranges
                0x00000000000001c0       0x50 ./Core/Src/tim.o
 .debug_aranges
                0x0000000000000210       0x28 ./Core/Startup/startup_stm32f405rgtx.o
 .debug_aranges
                0x0000000000000238       0xf0 ./Drivers/STM32F4xx_HAL_Driver/Src/stm32f4xx_hal.o
 .debug_aranges
                0x0000000000000328       0xe0 ./Drivers/STM32F4xx_HAL_Driver/Src/stm32f4xx_hal_adc.o
 .debug_aranges
                0x0000000000000408      0x138 ./Drivers/STM32F4xx_HAL_Driver/Src/stm32f4xx_hal_can.o
 .debug_aranges
                0x0000000000000540       0xa8 ./Drivers/STM32F4xx_HAL_Driver/Src/stm32f4xx_hal_cortex.o
 .debug_aranges
                0x00000000000005e8       0x80 ./Drivers/STM32F4xx_HAL_Driver/Src/stm32f4xx_hal_dma.o
 .debug_aranges
                0x0000000000000668       0x58 ./Drivers/STM32F4xx_HAL_Driver/Src/stm32f4xx_hal_gpio.o
 .debug_aranges
                0x00000000000006c0       0x88 ./Drivers/STM32F4xx_HAL_Driver/Src/stm32f4xx_hal_rcc.o
 .debug_aranges
                0x0000000000000748      0x3a0 ./Drivers/STM32F4xx_HAL_Driver/Src/stm32f4xx_hal_tim.o
 .debug_aranges
                0x0000000000000ae8      0x168 ./Drivers/STM32F4xx_HAL_Driver/Src/stm32f4xx_hal_tim_ex.o

.debug_ranges   0x0000000000000000      0xca0
 .debug_ranges  0x0000000000000000       0x10 ./Core/Src/M_CAN_FilterSetup.o
 .debug_ranges  0x0000000000000010       0x20 ./Core/Src/adc.o
 .debug_ranges  0x0000000000000030       0x20 ./Core/Src/can.o
 .debug_ranges  0x0000000000000050       0x10 ./Core/Src/dma.o
 .debug_ranges  0x0000000000000060       0x10 ./Core/Src/gpio.o
 .debug_ranges  0x0000000000000070       0x68 ./Core/Src/main.o
 .debug_ranges  0x00000000000000d8       0x10 ./Core/Src/stm32f4xx_hal_msp.o
 .debug_ranges  0x00000000000000e8       0x60 ./Core/Src/stm32f4xx_it.o
 .debug_ranges  0x0000000000000148       0x18 ./Core/Src/system_stm32f4xx.o
 .debug_ranges  0x0000000000000160       0x40 ./Core/Src/tim.o
 .debug_ranges  0x00000000000001a0       0x20 ./Core/Startup/startup_stm32f405rgtx.o
 .debug_ranges  0x00000000000001c0       0xe0 ./Drivers/STM32F4xx_HAL_Driver/Src/stm32f4xx_hal.o
 .debug_ranges  0x00000000000002a0       0xe8 ./Drivers/STM32F4xx_HAL_Driver/Src/stm32f4xx_hal_adc.o
 .debug_ranges  0x0000000000000388      0x128 ./Drivers/STM32F4xx_HAL_Driver/Src/stm32f4xx_hal_can.o
 .debug_ranges  0x00000000000004b0       0xc8 ./Drivers/STM32F4xx_HAL_Driver/Src/stm32f4xx_hal_cortex.o
 .debug_ranges  0x0000000000000578       0xc0 ./Drivers/STM32F4xx_HAL_Driver/Src/stm32f4xx_hal_dma.o
 .debug_ranges  0x0000000000000638       0x60 ./Drivers/STM32F4xx_HAL_Driver/Src/stm32f4xx_hal_gpio.o
 .debug_ranges  0x0000000000000698       0x90 ./Drivers/STM32F4xx_HAL_Driver/Src/stm32f4xx_hal_rcc.o
 .debug_ranges  0x0000000000000728      0x420 ./Drivers/STM32F4xx_HAL_Driver/Src/stm32f4xx_hal_tim.o
 .debug_ranges  0x0000000000000b48      0x158 ./Drivers/STM32F4xx_HAL_Driver/Src/stm32f4xx_hal_tim_ex.o

.debug_macro    0x0000000000000000    0x216ae
 .debug_macro   0x0000000000000000      0x219 ./Core/Src/M_CAN_FilterSetup.o
 .debug_macro   0x0000000000000219      0xaa8 ./Core/Src/M_CAN_FilterSetup.o
 .debug_macro   0x0000000000000cc1      0x2a1 ./Core/Src/M_CAN_FilterSetup.o
 .debug_macro   0x0000000000000f62       0x2e ./Core/Src/M_CAN_FilterSetup.o
 .debug_macro   0x0000000000000f90       0x2f ./Core/Src/M_CAN_FilterSetup.o
 .debug_macro   0x0000000000000fbf       0x22 ./Core/Src/M_CAN_FilterSetup.o
 .debug_macro   0x0000000000000fe1       0x8e ./Core/Src/M_CAN_FilterSetup.o
 .debug_macro   0x000000000000106f       0x51 ./Core/Src/M_CAN_FilterSetup.o
 .debug_macro   0x00000000000010c0      0x103 ./Core/Src/M_CAN_FilterSetup.o
 .debug_macro   0x00000000000011c3       0x6a ./Core/Src/M_CAN_FilterSetup.o
 .debug_macro   0x000000000000122d      0x1df ./Core/Src/M_CAN_FilterSetup.o
 .debug_macro   0x000000000000140c       0x1c ./Core/Src/M_CAN_FilterSetup.o
 .debug_macro   0x0000000000001428       0x22 ./Core/Src/M_CAN_FilterSetup.o
 .debug_macro   0x000000000000144a       0xdf ./Core/Src/M_CAN_FilterSetup.o
 .debug_macro   0x0000000000001529     0x102d ./Core/Src/M_CAN_FilterSetup.o
 .debug_macro   0x0000000000002556      0x11f ./Core/Src/M_CAN_FilterSetup.o
 .debug_macro   0x0000000000002675    0x1426d ./Core/Src/M_CAN_FilterSetup.o
 .debug_macro   0x00000000000168e2       0x6d ./Core/Src/M_CAN_FilterSetup.o
 .debug_macro   0x000000000001694f     0x367e ./Core/Src/M_CAN_FilterSetup.o
 .debug_macro   0x0000000000019fcd      0x174 ./Core/Src/M_CAN_FilterSetup.o
 .debug_macro   0x000000000001a141       0x5c ./Core/Src/M_CAN_FilterSetup.o
 .debug_macro   0x000000000001a19d      0x8a7 ./Core/Src/M_CAN_FilterSetup.o
 .debug_macro   0x000000000001aa44      0x9fe ./Core/Src/M_CAN_FilterSetup.o
 .debug_macro   0x000000000001b442      0x115 ./Core/Src/M_CAN_FilterSetup.o
 .debug_macro   0x000000000001b557      0x130 ./Core/Src/M_CAN_FilterSetup.o
 .debug_macro   0x000000000001b687       0xa5 ./Core/Src/M_CAN_FilterSetup.o
 .debug_macro   0x000000000001b72c      0x174 ./Core/Src/M_CAN_FilterSetup.o
 .debug_macro   0x000000000001b8a0      0x287 ./Core/Src/M_CAN_FilterSetup.o
 .debug_macro   0x000000000001bb27       0x5f ./Core/Src/M_CAN_FilterSetup.o
 .debug_macro   0x000000000001bb86      0x236 ./Core/Src/M_CAN_FilterSetup.o
 .debug_macro   0x000000000001bdbc      0xb5b ./Core/Src/M_CAN_FilterSetup.o
 .debug_macro   0x000000000001c917      0x38b ./Core/Src/M_CAN_FilterSetup.o
 .debug_macro   0x000000000001cca2      0x176 ./Core/Src/M_CAN_FilterSetup.o
 .debug_macro   0x000000000001ce18       0xf9 ./Core/Src/M_CAN_FilterSetup.o
 .debug_macro   0x000000000001cf11      0x40f ./Core/Src/M_CAN_FilterSetup.o
 .debug_macro   0x000000000001d320      0x12c ./Core/Src/M_CAN_FilterSetup.o
 .debug_macro   0x000000000001d44c      0x21e ./Core/Src/M_CAN_FilterSetup.o
 .debug_macro   0x000000000001d66a       0x2e ./Core/Src/M_CAN_FilterSetup.o
 .debug_macro   0x000000000001d698      0x11a ./Core/Src/M_CAN_FilterSetup.o
 .debug_macro   0x000000000001d7b2       0x7e ./Core/Src/M_CAN_FilterSetup.o
 .debug_macro   0x000000000001d830       0x89 ./Core/Src/M_CAN_FilterSetup.o
 .debug_macro   0x000000000001d8b9      0x8e6 ./Core/Src/M_CAN_FilterSetup.o
 .debug_macro   0x000000000001e19f       0x47 ./Core/Src/M_CAN_FilterSetup.o
 .debug_macro   0x000000000001e1e6      0x12d ./Core/Src/M_CAN_FilterSetup.o
 .debug_macro   0x000000000001e313       0x1c ./Core/Src/M_CAN_FilterSetup.o
 .debug_macro   0x000000000001e32f      0x20f ./Core/Src/adc.o
 .debug_macro   0x000000000001e53e      0x20f ./Core/Src/can.o
 .debug_macro   0x000000000001e74d      0x20f ./Core/Src/dma.o
 .debug_macro   0x000000000001e95c      0x20f ./Core/Src/gpio.o
 .debug_macro   0x000000000001eb6b      0x429 ./Core/Src/main.o
 .debug_macro   0x000000000001ef94       0x52 ./Core/Src/main.o
 .debug_macro   0x000000000001efe6       0x18 ./Core/Src/main.o
 .debug_macro   0x000000000001effe       0x3c ./Core/Src/main.o
 .debug_macro   0x000000000001f03a       0x34 ./Core/Src/main.o
 .debug_macro   0x000000000001f06e       0x16 ./Core/Src/main.o
 .debug_macro   0x000000000001f084       0x35 ./Core/Src/main.o
 .debug_macro   0x000000000001f0b9      0x333 ./Core/Src/main.o
 .debug_macro   0x000000000001f3ec       0x10 ./Core/Src/main.o
 .debug_macro   0x000000000001f3fc       0x16 ./Core/Src/main.o
 .debug_macro   0x000000000001f412       0x43 ./Core/Src/main.o
 .debug_macro   0x000000000001f455       0x34 ./Core/Src/main.o
 .debug_macro   0x000000000001f489       0x10 ./Core/Src/main.o
 .debug_macro   0x000000000001f499       0x58 ./Core/Src/main.o
 .debug_macro   0x000000000001f4f1       0x71 ./Core/Src/main.o
 .debug_macro   0x000000000001f562       0x1c ./Core/Src/main.o
 .debug_macro   0x000000000001f57e      0x12a ./Core/Src/main.o
 .debug_macro   0x000000000001f6a8       0x10 ./Core/Src/main.o
 .debug_macro   0x000000000001f6b8       0x1c ./Core/Src/main.o
 .debug_macro   0x000000000001f6d4       0x52 ./Core/Src/main.o
 .debug_macro   0x000000000001f726       0x22 ./Core/Src/main.o
 .debug_macro   0x000000000001f748       0x10 ./Core/Src/main.o
 .debug_macro   0x000000000001f758       0x40 ./Core/Src/main.o
 .debug_macro   0x000000000001f798       0xd5 ./Core/Src/main.o
 .debug_macro   0x000000000001f86d       0x1c ./Core/Src/main.o
 .debug_macro   0x000000000001f889       0x3d ./Core/Src/main.o
 .debug_macro   0x000000000001f8c6       0x16 ./Core/Src/main.o
 .debug_macro   0x000000000001f8dc      0x145 ./Core/Src/main.o
 .debug_macro   0x000000000001fa21       0x16 ./Core/Src/main.o
 .debug_macro   0x000000000001fa37       0x20 ./Core/Src/main.o
 .debug_macro   0x000000000001fa57      0x1a9 ./Core/Src/main.o
 .debug_macro   0x000000000001fc00       0x16 ./Core/Src/main.o
 .debug_macro   0x000000000001fc16       0x16 ./Core/Src/main.o
 .debug_macro   0x000000000001fc2c       0x29 ./Core/Src/main.o
 .debug_macro   0x000000000001fc55      0x205 ./Core/Src/stm32f4xx_hal_msp.o
 .debug_macro   0x000000000001fe5a      0x20f ./Core/Src/stm32f4xx_it.o
 .debug_macro   0x0000000000020069      0x1f6 ./Core/Src/system_stm32f4xx.o
 .debug_macro   0x000000000002025f      0x20f ./Core/Src/tim.o
 .debug_macro   0x000000000002046e      0x256 ./Drivers/STM32F4xx_HAL_Driver/Src/stm32f4xx_hal.o
 .debug_macro   0x00000000000206c4      0x1f7 ./Drivers/STM32F4xx_HAL_Driver/Src/stm32f4xx_hal_adc.o
 .debug_macro   0x00000000000208bb      0x1fe ./Drivers/STM32F4xx_HAL_Driver/Src/stm32f4xx_hal_can.o
 .debug_macro   0x0000000000020ab9      0x1f6 ./Drivers/STM32F4xx_HAL_Driver/Src/stm32f4xx_hal_cortex.o
 .debug_macro   0x0000000000020caf      0x1fc ./Drivers/STM32F4xx_HAL_Driver/Src/stm32f4xx_hal_dma.o
 .debug_macro   0x0000000000020eab      0x1fc ./Drivers/STM32F4xx_HAL_Driver/Src/stm32f4xx_hal_gpio.o
 .debug_macro   0x00000000000210a7      0x21a ./Drivers/STM32F4xx_HAL_Driver/Src/stm32f4xx_hal_rcc.o
 .debug_macro   0x00000000000212c1      0x1f7 ./Drivers/STM32F4xx_HAL_Driver/Src/stm32f4xx_hal_tim.o
 .debug_macro   0x00000000000214b8      0x1f6 ./Drivers/STM32F4xx_HAL_Driver/Src/stm32f4xx_hal_tim_ex.o

.debug_line     0x0000000000000000    0x13b8f
 .debug_line    0x0000000000000000      0x783 ./Core/Src/M_CAN_FilterSetup.o
 .debug_line    0x0000000000000783      0x909 ./Core/Src/adc.o
 .debug_line    0x000000000000108c      0x814 ./Core/Src/can.o
 .debug_line    0x00000000000018a0      0x70e ./Core/Src/dma.o
 .debug_line    0x0000000000001fae      0x744 ./Core/Src/gpio.o
 .debug_line    0x00000000000026f2      0xd58 ./Core/Src/main.o
 .debug_line    0x000000000000344a      0x717 ./Core/Src/stm32f4xx_hal_msp.o
 .debug_line    0x0000000000003b61      0x855 ./Core/Src/stm32f4xx_it.o
 .debug_line    0x00000000000043b6      0x7ca ./Core/Src/system_stm32f4xx.o
 .debug_line    0x0000000000004b80      0x9b4 ./Core/Src/tim.o
 .debug_line    0x0000000000005534       0x88 ./Core/Startup/startup_stm32f405rgtx.o
 .debug_line    0x00000000000055bc      0xa6a ./Drivers/STM32F4xx_HAL_Driver/Src/stm32f4xx_hal.o
 .debug_line    0x0000000000006026     0x159f ./Drivers/STM32F4xx_HAL_Driver/Src/stm32f4xx_hal_adc.o
 .debug_line    0x00000000000075c5     0x15ce ./Drivers/STM32F4xx_HAL_Driver/Src/stm32f4xx_hal_can.o
 .debug_line    0x0000000000008b93      0xc9c ./Drivers/STM32F4xx_HAL_Driver/Src/stm32f4xx_hal_cortex.o
 .debug_line    0x000000000000982f     0x12ef ./Drivers/STM32F4xx_HAL_Driver/Src/stm32f4xx_hal_dma.o
 .debug_line    0x000000000000ab1e      0xc6b ./Drivers/STM32F4xx_HAL_Driver/Src/stm32f4xx_hal_gpio.o
 .debug_line    0x000000000000b789     0x1010 ./Drivers/STM32F4xx_HAL_Driver/Src/stm32f4xx_hal_rcc.o
 .debug_line    0x000000000000c799     0x5147 ./Drivers/STM32F4xx_HAL_Driver/Src/stm32f4xx_hal_tim.o
 .debug_line    0x00000000000118e0     0x22af ./Drivers/STM32F4xx_HAL_Driver/Src/stm32f4xx_hal_tim_ex.o

.debug_str      0x0000000000000000    0xcde23
 .debug_str     0x0000000000000000    0xc5624 ./Core/Src/M_CAN_FilterSetup.o
                                      0xc58f0 (size before relaxing)
 .debug_str     0x00000000000c5624      0x59d ./Core/Src/adc.o
                                      0xc5b6f (size before relaxing)
 .debug_str     0x00000000000c5bc1      0x544 ./Core/Src/can.o
                                      0xc5e90 (size before relaxing)
 .debug_str     0x00000000000c6105       0x29 ./Core/Src/dma.o
                                      0xc5b10 (size before relaxing)
 .debug_str     0x00000000000c612e       0x5a ./Core/Src/gpio.o
                                      0xc56db (size before relaxing)
 .debug_str     0x00000000000c6188     0x517e ./Core/Src/main.o
                                      0xcb0da (size before relaxing)
 .debug_str     0x00000000000cb306       0x2c ./Core/Src/stm32f4xx_hal_msp.o
                                      0xc561e (size before relaxing)
 .debug_str     0x00000000000cb332      0x132 ./Core/Src/stm32f4xx_it.o
                                      0xc5b39 (size before relaxing)
 .debug_str     0x00000000000cb464       0xaf ./Core/Src/system_stm32f4xx.o
                                      0xc563c (size before relaxing)
 .debug_str     0x00000000000cb513      0x245 ./Core/Src/tim.o
                                      0xc5e5f (size before relaxing)
 .debug_str     0x00000000000cb758       0x36 ./Core/Startup/startup_stm32f405rgtx.o
                                         0x95 (size before relaxing)
 .debug_str     0x00000000000cb78e      0x59c ./Drivers/STM32F4xx_HAL_Driver/Src/stm32f4xx_hal.o
                                      0xc6142 (size before relaxing)
 .debug_str     0x00000000000cbd2a      0x2a8 ./Drivers/STM32F4xx_HAL_Driver/Src/stm32f4xx_hal_adc.o
                                      0xc5c45 (size before relaxing)
 .debug_str     0x00000000000cbfd2      0x3cc ./Drivers/STM32F4xx_HAL_Driver/Src/stm32f4xx_hal_can.o
                                      0xc5d54 (size before relaxing)
 .debug_str     0x00000000000cc39e      0x32b ./Drivers/STM32F4xx_HAL_Driver/Src/stm32f4xx_hal_cortex.o
                                      0xc5eec (size before relaxing)
 .debug_str     0x00000000000cc6c9      0x2c7 ./Drivers/STM32F4xx_HAL_Driver/Src/stm32f4xx_hal_dma.o
                                      0xc5a72 (size before relaxing)
 .debug_str     0x00000000000cc990      0x11c ./Drivers/STM32F4xx_HAL_Driver/Src/stm32f4xx_hal_gpio.o
                                      0xc57e3 (size before relaxing)
 .debug_str     0x00000000000ccaac      0x20a ./Drivers/STM32F4xx_HAL_Driver/Src/stm32f4xx_hal_rcc.o
                                      0xc5a65 (size before relaxing)
 .debug_str     0x00000000000cccb6      0xcbd ./Drivers/STM32F4xx_HAL_Driver/Src/stm32f4xx_hal_tim.o
                                      0xc69be (size before relaxing)
 .debug_str     0x00000000000cd973      0x4b0 ./Drivers/STM32F4xx_HAL_Driver/Src/stm32f4xx_hal_tim_ex.o
                                      0xc61bf (size before relaxing)

.comment        0x0000000000000000       0x53
 .comment       0x0000000000000000       0x53 ./Core/Src/M_CAN_FilterSetup.o
                                         0x54 (size before relaxing)
 .comment       0x0000000000000053       0x54 ./Core/Src/adc.o
 .comment       0x0000000000000053       0x54 ./Core/Src/can.o
 .comment       0x0000000000000053       0x54 ./Core/Src/dma.o
 .comment       0x0000000000000053       0x54 ./Core/Src/gpio.o
 .comment       0x0000000000000053       0x54 ./Core/Src/main.o
 .comment       0x0000000000000053       0x54 ./Core/Src/stm32f4xx_hal_msp.o
 .comment       0x0000000000000053       0x54 ./Core/Src/stm32f4xx_it.o
 .comment       0x0000000000000053       0x54 ./Core/Src/system_stm32f4xx.o
 .comment       0x0000000000000053       0x54 ./Core/Src/tim.o
 .comment       0x0000000000000053       0x54 ./Drivers/STM32F4xx_HAL_Driver/Src/stm32f4xx_hal.o
 .comment       0x0000000000000053       0x54 ./Drivers/STM32F4xx_HAL_Driver/Src/stm32f4xx_hal_adc.o
 .comment       0x0000000000000053       0x54 ./Drivers/STM32F4xx_HAL_Driver/Src/stm32f4xx_hal_can.o
 .comment       0x0000000000000053       0x54 ./Drivers/STM32F4xx_HAL_Driver/Src/stm32f4xx_hal_cortex.o
 .comment       0x0000000000000053       0x54 ./Drivers/STM32F4xx_HAL_Driver/Src/stm32f4xx_hal_dma.o
 .comment       0x0000000000000053       0x54 ./Drivers/STM32F4xx_HAL_Driver/Src/stm32f4xx_hal_gpio.o
 .comment       0x0000000000000053       0x54 ./Drivers/STM32F4xx_HAL_Driver/Src/stm32f4xx_hal_rcc.o
 .comment       0x0000000000000053       0x54 ./Drivers/STM32F4xx_HAL_Driver/Src/stm32f4xx_hal_tim.o
 .comment       0x0000000000000053       0x54 ./Drivers/STM32F4xx_HAL_Driver/Src/stm32f4xx_hal_tim_ex.o

.debug_frame    0x0000000000000000     0x20d4
 .debug_frame   0x0000000000000000       0x28 ./Core/Src/M_CAN_FilterSetup.o
 .debug_frame   0x0000000000000028       0x6c ./Core/Src/adc.o
 .debug_frame   0x0000000000000094       0x60 ./Core/Src/can.o
 .debug_frame   0x00000000000000f4       0x2c ./Core/Src/dma.o
 .debug_frame   0x0000000000000120       0x30 ./Core/Src/gpio.o
 .debug_frame   0x0000000000000150       0xb4 ./Core/Src/main.o
 .debug_frame   0x0000000000000204       0x28 ./Core/Src/stm32f4xx_hal_msp.o
 .debug_frame   0x000000000000022c       0xe0 ./Core/Src/stm32f4xx_it.o
 .debug_frame   0x000000000000030c       0x30 ./Core/Src/system_stm32f4xx.o
 .debug_frame   0x000000000000033c       0xd0 ./Core/Src/tim.o
 .debug_frame   0x000000000000040c      0x1ec ./Drivers/STM32F4xx_HAL_Driver/Src/stm32f4xx_hal.o
 .debug_frame   0x00000000000005f8      0x258 ./Drivers/STM32F4xx_HAL_Driver/Src/stm32f4xx_hal_adc.o
 .debug_frame   0x0000000000000850      0x2e0 ./Drivers/STM32F4xx_HAL_Driver/Src/stm32f4xx_hal_can.o
 .debug_frame   0x0000000000000b30      0x15c ./Drivers/STM32F4xx_HAL_Driver/Src/stm32f4xx_hal_cortex.o
 .debug_frame   0x0000000000000c8c      0x170 ./Drivers/STM32F4xx_HAL_Driver/Src/stm32f4xx_hal_dma.o
 .debug_frame   0x0000000000000dfc       0xd8 ./Drivers/STM32F4xx_HAL_Driver/Src/stm32f4xx_hal_gpio.o
 .debug_frame   0x0000000000000ed4      0x178 ./Drivers/STM32F4xx_HAL_Driver/Src/stm32f4xx_hal_rcc.o
 .debug_frame   0x000000000000104c      0xaa0 ./Drivers/STM32F4xx_HAL_Driver/Src/stm32f4xx_hal_tim.o
 .debug_frame   0x0000000000001aec      0x418 ./Drivers/STM32F4xx_HAL_Driver/Src/stm32f4xx_hal_tim_ex.o
 .debug_frame   0x0000000000001f04       0x2c c:/st/stm32cubeide_1.8.0/stm32cubeide/plugins/com.st.stm32cube.ide.mcu.externaltools.gnu-tools-for-stm32.9-2020-q2-update.win32_2.0.0.202105311346/tools/bin/../lib/gcc/arm-none-eabi/9.3.1/../../../../arm-none-eabi/lib/thumb/v7e-m+fp/hard\libc_nano.a(lib_a-init.o)
 .debug_frame   0x0000000000001f30       0x20 c:/st/stm32cubeide_1.8.0/stm32cubeide/plugins/com.st.stm32cube.ide.mcu.externaltools.gnu-tools-for-stm32.9-2020-q2-update.win32_2.0.0.202105311346/tools/bin/../lib/gcc/arm-none-eabi/9.3.1/../../../../arm-none-eabi/lib/thumb/v7e-m+fp/hard\libc_nano.a(lib_a-memset.o)
 .debug_frame   0x0000000000001f50       0x30 c:/st/stm32cubeide_1.8.0/stm32cubeide/plugins/com.st.stm32cube.ide.mcu.externaltools.gnu-tools-for-stm32.9-2020-q2-update.win32_2.0.0.202105311346/tools/bin/../lib/gcc/arm-none-eabi/9.3.1/thumb/v7e-m+fp/hard\libgcc.a(_arm_muldf3.o)
 .debug_frame   0x0000000000001f80       0xac c:/st/stm32cubeide_1.8.0/stm32cubeide/plugins/com.st.stm32cube.ide.mcu.externaltools.gnu-tools-for-stm32.9-2020-q2-update.win32_2.0.0.202105311346/tools/bin/../lib/gcc/arm-none-eabi/9.3.1/thumb/v7e-m+fp/hard\libgcc.a(_arm_addsubdf3.o)
 .debug_frame   0x000000000000202c       0x24 c:/st/stm32cubeide_1.8.0/stm32cubeide/plugins/com.st.stm32cube.ide.mcu.externaltools.gnu-tools-for-stm32.9-2020-q2-update.win32_2.0.0.202105311346/tools/bin/../lib/gcc/arm-none-eabi/9.3.1/thumb/v7e-m+fp/hard\libgcc.a(_arm_fixdfsi.o)
 .debug_frame   0x0000000000002050       0x24 c:/st/stm32cubeide_1.8.0/stm32cubeide/plugins/com.st.stm32cube.ide.mcu.externaltools.gnu-tools-for-stm32.9-2020-q2-update.win32_2.0.0.202105311346/tools/bin/../lib/gcc/arm-none-eabi/9.3.1/thumb/v7e-m+fp/hard\libgcc.a(_arm_truncdfsf2.o)
 .debug_frame   0x0000000000002074       0x2c c:/st/stm32cubeide_1.8.0/stm32cubeide/plugins/com.st.stm32cube.ide.mcu.externaltools.gnu-tools-for-stm32.9-2020-q2-update.win32_2.0.0.202105311346/tools/bin/../lib/gcc/arm-none-eabi/9.3.1/thumb/v7e-m+fp/hard\libgcc.a(_aeabi_uldivmod.o)
 .debug_frame   0x00000000000020a0       0x34 c:/st/stm32cubeide_1.8.0/stm32cubeide/plugins/com.st.stm32cube.ide.mcu.externaltools.gnu-tools-for-stm32.9-2020-q2-update.win32_2.0.0.202105311346/tools/bin/../lib/gcc/arm-none-eabi/9.3.1/thumb/v7e-m+fp/hard\libgcc.a(_udivmoddi4.o)
